Archive member included because of file (symbol)

/usr/lib/gcc/avr/4.8.1/avr25/libgcc.a(_divmodhi4.o)
                              ./main.o (__divmodhi4)
/usr/lib/gcc/avr/4.8.1/avr25/libgcc.a(_exit.o)
                              /usr/lib/gcc/avr/4.8.1/../../../avr/lib/avr25/crttn85.o (exit)
/usr/lib/gcc/avr/4.8.1/avr25/libgcc.a(_copy_data.o)
                              ./main.o (__do_copy_data)
/usr/lib/gcc/avr/4.8.1/avr25/libgcc.a(_clear_bss.o)
                              ./am2302Sensor.o (__do_clear_bss)
/usr/lib/gcc/avr/4.8.1/avr25/libgcc.a(_ashldi3.o)
                              ./am2302Sensor.o (__ashldi3)
/usr/lib/gcc/avr/4.8.1/avr25/libgcc.a(_ashrdi3.o)
                              ./am2302Sensor.o (__lshrdi3)
/usr/lib/gcc/avr/4.8.1/avr25/libgcc.a(_udivmodhi4.o)
                              /usr/lib/gcc/avr/4.8.1/avr25/libgcc.a(_divmodhi4.o) (__udivmodhi4)
/usr/lib/gcc/avr/4.8.1/../../../avr/lib/avr25/libm.a(addsf3.o)
                              ./main.o (__subsf3)
/usr/lib/gcc/avr/4.8.1/../../../avr/lib/avr25/libm.a(addsf3x.o)
                              /usr/lib/gcc/avr/4.8.1/../../../avr/lib/avr25/libm.a(addsf3.o) (__addsf3x)
/usr/lib/gcc/avr/4.8.1/../../../avr/lib/avr25/libm.a(divsf3.o)
                              ./am2302Sensor.o (__divsf3)
/usr/lib/gcc/avr/4.8.1/../../../avr/lib/avr25/libm.a(divsf3x.o)
                              /usr/lib/gcc/avr/4.8.1/../../../avr/lib/avr25/libm.a(divsf3.o) (__divsf3x)
/usr/lib/gcc/avr/4.8.1/../../../avr/lib/avr25/libm.a(fixsfsi.o)
                              ./main.o (__fixsfsi)
/usr/lib/gcc/avr/4.8.1/../../../avr/lib/avr25/libm.a(fixunssfsi.o)
                              /usr/lib/gcc/avr/4.8.1/../../../avr/lib/avr25/libm.a(fixsfsi.o) (__fixunssfsi)
/usr/lib/gcc/avr/4.8.1/../../../avr/lib/avr25/libm.a(floatsisf.o)
                              ./am2302Sensor.o (__floatunsisf)
/usr/lib/gcc/avr/4.8.1/../../../avr/lib/avr25/libm.a(fp_inf.o)
                              /usr/lib/gcc/avr/4.8.1/../../../avr/lib/avr25/libm.a(addsf3x.o) (__fp_inf)
/usr/lib/gcc/avr/4.8.1/../../../avr/lib/avr25/libm.a(fp_nan.o)
                              /usr/lib/gcc/avr/4.8.1/../../../avr/lib/avr25/libm.a(addsf3x.o) (__fp_nan)
/usr/lib/gcc/avr/4.8.1/../../../avr/lib/avr25/libm.a(fp_pscA.o)
                              /usr/lib/gcc/avr/4.8.1/../../../avr/lib/avr25/libm.a(addsf3x.o) (__fp_pscA)
/usr/lib/gcc/avr/4.8.1/../../../avr/lib/avr25/libm.a(fp_pscB.o)
                              /usr/lib/gcc/avr/4.8.1/../../../avr/lib/avr25/libm.a(addsf3x.o) (__fp_pscB)
/usr/lib/gcc/avr/4.8.1/../../../avr/lib/avr25/libm.a(fp_round.o)
                              /usr/lib/gcc/avr/4.8.1/../../../avr/lib/avr25/libm.a(addsf3.o) (__fp_round)
/usr/lib/gcc/avr/4.8.1/../../../avr/lib/avr25/libm.a(fp_split3.o)
                              /usr/lib/gcc/avr/4.8.1/../../../avr/lib/avr25/libm.a(addsf3x.o) (__fp_split3)
/usr/lib/gcc/avr/4.8.1/../../../avr/lib/avr25/libm.a(fp_zero.o)
                              /usr/lib/gcc/avr/4.8.1/../../../avr/lib/avr25/libm.a(addsf3x.o) (__fp_zero)
/usr/lib/gcc/avr/4.8.1/../../../avr/lib/avr25/libm.a(mulsf3.o)
                              ./main.o (__mulsf3)
/usr/lib/gcc/avr/4.8.1/../../../avr/lib/avr25/libm.a(mulsf3x.o)
                              /usr/lib/gcc/avr/4.8.1/../../../avr/lib/avr25/libm.a(mulsf3.o) (__mulsf3x)
/usr/lib/gcc/avr/4.8.1/../../../avr/lib/avr25/libm.a(pow.o)
                              ./main.o (pow)
/usr/lib/gcc/avr/4.8.1/../../../avr/lib/avr25/libm.a(exp.o)
                              /usr/lib/gcc/avr/4.8.1/../../../avr/lib/avr25/libm.a(pow.o) (exp)
/usr/lib/gcc/avr/4.8.1/../../../avr/lib/avr25/libm.a(fp_powser.o)
                              /usr/lib/gcc/avr/4.8.1/../../../avr/lib/avr25/libm.a(exp.o) (__fp_powser)
/usr/lib/gcc/avr/4.8.1/../../../avr/lib/avr25/libm.a(inverse.o)
                              /usr/lib/gcc/avr/4.8.1/../../../avr/lib/avr25/libm.a(exp.o) (inverse)
/usr/lib/gcc/avr/4.8.1/../../../avr/lib/avr25/libm.a(ldexp.o)
                              /usr/lib/gcc/avr/4.8.1/../../../avr/lib/avr25/libm.a(exp.o) (ldexp)
/usr/lib/gcc/avr/4.8.1/../../../avr/lib/avr25/libm.a(log.o)
                              /usr/lib/gcc/avr/4.8.1/../../../avr/lib/avr25/libm.a(pow.o) (log)
/usr/lib/gcc/avr/4.8.1/../../../avr/lib/avr25/libm.a(modf.o)
                              /usr/lib/gcc/avr/4.8.1/../../../avr/lib/avr25/libm.a(exp.o) (modf)
/usr/lib/gcc/avr/4.8.1/../../../avr/lib/avr25/libm.a(fp_mpack.o)
                              /usr/lib/gcc/avr/4.8.1/../../../avr/lib/avr25/libm.a(ldexp.o) (__fp_mpack)
/usr/lib/gcc/avr/4.8.1/../../../avr/lib/avr25/libc.a(memset.o)
                              ./main.o (memset)
/usr/lib/gcc/avr/4.8.1/../../../avr/lib/avr25/libc.a(snprintf.o)
                              ./main.o (snprintf)
/usr/lib/gcc/avr/4.8.1/../../../avr/lib/avr25/libc.a(vfprintf_std.o)
                              /usr/lib/gcc/avr/4.8.1/../../../avr/lib/avr25/libc.a(snprintf.o) (vfprintf)
/usr/lib/gcc/avr/4.8.1/../../../avr/lib/avr25/libc.a(strnlen_P.o)
                              /usr/lib/gcc/avr/4.8.1/../../../avr/lib/avr25/libc.a(vfprintf_std.o) (strnlen_P)
/usr/lib/gcc/avr/4.8.1/../../../avr/lib/avr25/libc.a(strnlen.o)
                              /usr/lib/gcc/avr/4.8.1/../../../avr/lib/avr25/libc.a(vfprintf_std.o) (strnlen)
/usr/lib/gcc/avr/4.8.1/../../../avr/lib/avr25/libc.a(fputc.o)
                              /usr/lib/gcc/avr/4.8.1/../../../avr/lib/avr25/libc.a(vfprintf_std.o) (fputc)
/usr/lib/gcc/avr/4.8.1/../../../avr/lib/avr25/libc.a(ultoa_invert.o)
                              /usr/lib/gcc/avr/4.8.1/../../../avr/lib/avr25/libc.a(vfprintf_std.o) (__ultoa_invert)
/usr/lib/gcc/avr/4.8.1/avr25/libgcc.a(_mulqi3.o)
                              /usr/lib/gcc/avr/4.8.1/../../../avr/lib/avr25/libc.a(vfprintf_std.o) (__mulqi3)
/usr/lib/gcc/avr/4.8.1/avr25/libgcc.a(_prologue.o)
                              /usr/lib/gcc/avr/4.8.1/../../../avr/lib/avr25/libc.a(snprintf.o) (__prologue_saves__)
/usr/lib/gcc/avr/4.8.1/avr25/libgcc.a(_epilogue.o)
                              /usr/lib/gcc/avr/4.8.1/../../../avr/lib/avr25/libc.a(snprintf.o) (__epilogue_restores__)

Memory Configuration

Name             Origin             Length             Attributes
text             0x0000000000000000 0x0000000000002000 xr
data             0x0000000000800060 0x000000000000ffa0 rw !x
eeprom           0x0000000000810000 0x0000000000010000 rw !x
fuse             0x0000000000820000 0x0000000000000400 rw !x
lock             0x0000000000830000 0x0000000000000400 rw !x
signature        0x0000000000840000 0x0000000000000400 rw !x
user_signatures  0x0000000000850000 0x0000000000000400 rw !x
*default*        0x0000000000000000 0xffffffffffffffff

Linker script and memory map

LOAD /usr/lib/gcc/avr/4.8.1/../../../avr/lib/avr25/crttn85.o
LOAD ./am2302Sensor.o
LOAD ./gpio.o
LOAD ./main.o
LOAD ./softuart.o
START GROUP
LOAD /usr/lib/gcc/avr/4.8.1/avr25/libgcc.a
LOAD /usr/lib/gcc/avr/4.8.1/../../../avr/lib/avr25/libm.a
LOAD /usr/lib/gcc/avr/4.8.1/../../../avr/lib/avr25/libc.a
END GROUP

.hash
 *(.hash)

.dynsym
 *(.dynsym)

.dynstr
 *(.dynstr)

.gnu.version
 *(.gnu.version)

.gnu.version_d
 *(.gnu.version_d)

.gnu.version_r
 *(.gnu.version_r)

.rel.init
 *(.rel.init)

.rela.init
 *(.rela.init)

.rel.text
 *(.rel.text)
 *(.rel.text.*)
 *(.rel.gnu.linkonce.t*)

.rela.text
 *(.rela.text)
 *(.rela.text.*)
 *(.rela.gnu.linkonce.t*)

.rel.fini
 *(.rel.fini)

.rela.fini
 *(.rela.fini)

.rel.rodata
 *(.rel.rodata)
 *(.rel.rodata.*)
 *(.rel.gnu.linkonce.r*)

.rela.rodata
 *(.rela.rodata)
 *(.rela.rodata.*)
 *(.rela.gnu.linkonce.r*)

.rel.data
 *(.rel.data)
 *(.rel.data.*)
 *(.rel.gnu.linkonce.d*)

.rela.data
 *(.rela.data)
 *(.rela.data.*)
 *(.rela.gnu.linkonce.d*)

.rel.ctors
 *(.rel.ctors)

.rela.ctors
 *(.rela.ctors)

.rel.dtors
 *(.rel.dtors)

.rela.dtors
 *(.rela.dtors)

.rel.got
 *(.rel.got)

.rela.got
 *(.rela.got)

.rel.bss
 *(.rel.bss)

.rela.bss
 *(.rela.bss)

.rel.plt
 *(.rel.plt)

.rela.plt
 *(.rela.plt)

.text           0x0000000000000000     0x1b34
 *(.vectors)
 .vectors       0x0000000000000000       0x1e /usr/lib/gcc/avr/4.8.1/../../../avr/lib/avr25/crttn85.o
                0x0000000000000000                __vectors
                0x0000000000000000                __vector_default
 *(.vectors)
 *(.progmem.gcc*)
 .progmem.gcc_fplib
                0x000000000000001e       0x28 /usr/lib/gcc/avr/4.8.1/../../../avr/lib/avr25/libm.a(exp.o)
 .progmem.gcc_fplib
                0x0000000000000046       0x5a /usr/lib/gcc/avr/4.8.1/../../../avr/lib/avr25/libm.a(log.o)
                0x00000000000000a0                . = ALIGN (0x2)
                0x00000000000000a0                __trampolines_start = .
 *(.trampolines)
 .trampolines   0x00000000000000a0        0x0 linker stubs
 *(.trampolines*)
                0x00000000000000a0                __trampolines_end = .
 *(.progmem*)
                0x00000000000000a0                . = ALIGN (0x2)
 *(.jumptables)
 *(.jumptables*)
 *(.lowtext)
 *(.lowtext*)
                0x00000000000000a0                __ctors_start = .
 *(.ctors)
                0x00000000000000a0                __ctors_end = .
                0x00000000000000a0                __dtors_start = .
 *(.dtors)
                0x00000000000000a0                __dtors_end = .
 SORT(*)(.ctors)
 SORT(*)(.dtors)
 *(.init0)
 .init0         0x00000000000000a0        0x0 /usr/lib/gcc/avr/4.8.1/../../../avr/lib/avr25/crttn85.o
                0x00000000000000a0                __init
 *(.init0)
 *(.init1)
 *(.init1)
 *(.init2)
 .init2         0x00000000000000a0        0xc /usr/lib/gcc/avr/4.8.1/../../../avr/lib/avr25/crttn85.o
 *(.init2)
 *(.init3)
 *(.init3)
 *(.init4)
 .init4         0x00000000000000ac       0x16 /usr/lib/gcc/avr/4.8.1/avr25/libgcc.a(_copy_data.o)
                0x00000000000000ac                __do_copy_data
 .init4         0x00000000000000c2       0x10 /usr/lib/gcc/avr/4.8.1/avr25/libgcc.a(_clear_bss.o)
                0x00000000000000c2                __do_clear_bss
 *(.init4)
 *(.init5)
 *(.init5)
 *(.init6)
 *(.init6)
 *(.init7)
 *(.init7)
 *(.init8)
 *(.init8)
 *(.init9)
 .init9         0x00000000000000d2        0x4 /usr/lib/gcc/avr/4.8.1/../../../avr/lib/avr25/crttn85.o
 *(.init9)
 *(.text)
 .text          0x00000000000000d6        0x2 /usr/lib/gcc/avr/4.8.1/../../../avr/lib/avr25/crttn85.o
                0x00000000000000d6                __vector_1
                0x00000000000000d6                __vector_12
                0x00000000000000d6                __bad_interrupt
                0x00000000000000d6                __vector_6
                0x00000000000000d6                __vector_3
                0x00000000000000d6                __vector_11
                0x00000000000000d6                __vector_13
                0x00000000000000d6                __vector_7
                0x00000000000000d6                __vector_5
                0x00000000000000d6                __vector_4
                0x00000000000000d6                __vector_9
                0x00000000000000d6                __vector_2
                0x00000000000000d6                __vector_8
                0x00000000000000d6                __vector_14
 .text          0x00000000000000d8        0x0 ./am2302Sensor.o
 .text          0x00000000000000d8        0x0 ./gpio.o
 .text          0x00000000000000d8        0x0 ./main.o
 .text          0x00000000000000d8        0x0 ./softuart.o
 .text          0x00000000000000d8        0x0 /usr/lib/gcc/avr/4.8.1/avr25/libgcc.a(_divmodhi4.o)
 .text          0x00000000000000d8        0x0 /usr/lib/gcc/avr/4.8.1/avr25/libgcc.a(_exit.o)
 .text          0x00000000000000d8        0x0 /usr/lib/gcc/avr/4.8.1/avr25/libgcc.a(_copy_data.o)
 .text          0x00000000000000d8        0x0 /usr/lib/gcc/avr/4.8.1/avr25/libgcc.a(_clear_bss.o)
 .text          0x00000000000000d8        0x0 /usr/lib/gcc/avr/4.8.1/avr25/libgcc.a(_ashldi3.o)
 .text          0x00000000000000d8        0x0 /usr/lib/gcc/avr/4.8.1/avr25/libgcc.a(_ashrdi3.o)
 .text          0x00000000000000d8        0x0 /usr/lib/gcc/avr/4.8.1/avr25/libgcc.a(_udivmodhi4.o)
 .text          0x00000000000000d8        0x0 /usr/lib/gcc/avr/4.8.1/../../../avr/lib/avr25/libm.a(addsf3.o)
 .text          0x00000000000000d8        0x0 /usr/lib/gcc/avr/4.8.1/../../../avr/lib/avr25/libm.a(addsf3x.o)
 .text          0x00000000000000d8        0x0 /usr/lib/gcc/avr/4.8.1/../../../avr/lib/avr25/libm.a(divsf3.o)
 .text          0x00000000000000d8        0x0 /usr/lib/gcc/avr/4.8.1/../../../avr/lib/avr25/libm.a(divsf3x.o)
 .text          0x00000000000000d8        0x0 /usr/lib/gcc/avr/4.8.1/../../../avr/lib/avr25/libm.a(fixsfsi.o)
 .text          0x00000000000000d8        0x0 /usr/lib/gcc/avr/4.8.1/../../../avr/lib/avr25/libm.a(fixunssfsi.o)
 .text          0x00000000000000d8        0x0 /usr/lib/gcc/avr/4.8.1/../../../avr/lib/avr25/libm.a(floatsisf.o)
 .text          0x00000000000000d8        0x0 /usr/lib/gcc/avr/4.8.1/../../../avr/lib/avr25/libm.a(fp_inf.o)
 .text          0x00000000000000d8        0x0 /usr/lib/gcc/avr/4.8.1/../../../avr/lib/avr25/libm.a(fp_nan.o)
 .text          0x00000000000000d8        0x0 /usr/lib/gcc/avr/4.8.1/../../../avr/lib/avr25/libm.a(fp_pscA.o)
 .text          0x00000000000000d8        0x0 /usr/lib/gcc/avr/4.8.1/../../../avr/lib/avr25/libm.a(fp_pscB.o)
 .text          0x00000000000000d8        0x0 /usr/lib/gcc/avr/4.8.1/../../../avr/lib/avr25/libm.a(fp_round.o)
 .text          0x00000000000000d8        0x0 /usr/lib/gcc/avr/4.8.1/../../../avr/lib/avr25/libm.a(fp_split3.o)
 .text          0x00000000000000d8        0x0 /usr/lib/gcc/avr/4.8.1/../../../avr/lib/avr25/libm.a(fp_zero.o)
 .text          0x00000000000000d8        0x0 /usr/lib/gcc/avr/4.8.1/../../../avr/lib/avr25/libm.a(mulsf3.o)
 .text          0x00000000000000d8        0x0 /usr/lib/gcc/avr/4.8.1/../../../avr/lib/avr25/libm.a(mulsf3x.o)
 .text          0x00000000000000d8        0x0 /usr/lib/gcc/avr/4.8.1/../../../avr/lib/avr25/libm.a(pow.o)
 .text          0x00000000000000d8        0x0 /usr/lib/gcc/avr/4.8.1/../../../avr/lib/avr25/libm.a(exp.o)
 .text          0x00000000000000d8        0x0 /usr/lib/gcc/avr/4.8.1/../../../avr/lib/avr25/libm.a(fp_powser.o)
 .text          0x00000000000000d8        0x0 /usr/lib/gcc/avr/4.8.1/../../../avr/lib/avr25/libm.a(inverse.o)
 .text          0x00000000000000d8        0x0 /usr/lib/gcc/avr/4.8.1/../../../avr/lib/avr25/libm.a(ldexp.o)
 .text          0x00000000000000d8        0x0 /usr/lib/gcc/avr/4.8.1/../../../avr/lib/avr25/libm.a(log.o)
 .text          0x00000000000000d8        0x0 /usr/lib/gcc/avr/4.8.1/../../../avr/lib/avr25/libm.a(modf.o)
 .text          0x00000000000000d8        0x0 /usr/lib/gcc/avr/4.8.1/../../../avr/lib/avr25/libm.a(fp_mpack.o)
 .text          0x00000000000000d8        0x0 /usr/lib/gcc/avr/4.8.1/../../../avr/lib/avr25/libc.a(memset.o)
 .text          0x00000000000000d8        0x0 /usr/lib/gcc/avr/4.8.1/../../../avr/lib/avr25/libc.a(snprintf.o)
 .text          0x00000000000000d8        0x0 /usr/lib/gcc/avr/4.8.1/../../../avr/lib/avr25/libc.a(vfprintf_std.o)
 .text          0x00000000000000d8        0x0 /usr/lib/gcc/avr/4.8.1/../../../avr/lib/avr25/libc.a(strnlen_P.o)
 .text          0x00000000000000d8        0x0 /usr/lib/gcc/avr/4.8.1/../../../avr/lib/avr25/libc.a(strnlen.o)
 .text          0x00000000000000d8        0x0 /usr/lib/gcc/avr/4.8.1/../../../avr/lib/avr25/libc.a(fputc.o)
 .text          0x00000000000000d8        0x0 /usr/lib/gcc/avr/4.8.1/../../../avr/lib/avr25/libc.a(ultoa_invert.o)
 .text          0x00000000000000d8        0x0 /usr/lib/gcc/avr/4.8.1/avr25/libgcc.a(_mulqi3.o)
 .text          0x00000000000000d8        0x0 /usr/lib/gcc/avr/4.8.1/avr25/libgcc.a(_prologue.o)
 .text          0x00000000000000d8        0x0 /usr/lib/gcc/avr/4.8.1/avr25/libgcc.a(_epilogue.o)
                0x00000000000000d8                . = ALIGN (0x2)
 *(.text.*)
 .text.readBit  0x00000000000000d8       0x26 ./am2302Sensor.o
                0x00000000000000d8                readBit
 .text.getTemperature
                0x00000000000000fe       0x20 ./am2302Sensor.o
                0x00000000000000fe                getTemperature
 .text.getHumidity
                0x000000000000011e       0x20 ./am2302Sensor.o
                0x000000000000011e                getHumidity
 .text.readAM2302Data
                0x000000000000013e      0x232 ./am2302Sensor.o
                0x000000000000013e                readAM2302Data
 .text.setpin   0x0000000000000370       0x54 ./gpio.o
                0x0000000000000370                setpin
 .text.setdirection
                0x00000000000003c4       0x22 ./gpio.o
                0x00000000000003c4                setdirection
 .text.initPins
                0x00000000000003e6       0x32 ./main.o
                0x00000000000003e6                initPins
 .text.startup.main
                0x0000000000000418      0x4fa ./main.o
                0x0000000000000418                main
 .text.intToStr
                0x0000000000000912       0x9e ./main.o
                0x0000000000000912                intToStr
 .text.reverse  0x00000000000009b0       0x30 ./main.o
                0x00000000000009b0                reverse
 .text.ftoa     0x00000000000009e0      0x1b6 ./main.o
                0x00000000000009e0                ftoa
 .text.__vector_10
                0x0000000000000b96      0x132 ./softuart.o
                0x0000000000000b96                __vector_10
 .text.softuart_init
                0x0000000000000cc8       0x2c ./softuart.o
                0x0000000000000cc8                softuart_init
 .text.softuart_turn_rx_on
                0x0000000000000cf4        0x6 ./softuart.o
                0x0000000000000cf4                softuart_turn_rx_on
 .text.softuart_turn_rx_off
                0x0000000000000cfa        0x8 ./softuart.o
                0x0000000000000cfa                softuart_turn_rx_off
 .text.softuart_getchar
                0x0000000000000d02       0x28 ./softuart.o
                0x0000000000000d02                softuart_getchar
 .text.softuart_kbhit
                0x0000000000000d2a       0x12 ./softuart.o
                0x0000000000000d2a                softuart_kbhit
 .text.softuart_flush_input_buffer
                0x0000000000000d3c        0xa ./softuart.o
                0x0000000000000d3c                softuart_flush_input_buffer
 .text.softuart_can_transmit
                0x0000000000000d46        0x6 ./softuart.o
                0x0000000000000d46                softuart_can_transmit
 .text.softuart_putchar
                0x0000000000000d4c       0x2c ./softuart.o
                0x0000000000000d4c                softuart_putchar
 .text.softuart_puts
                0x0000000000000d78       0x42 ./softuart.o
                0x0000000000000d78                softuart_puts
 .text.softuart_puts_p
                0x0000000000000dba       0x44 ./softuart.o
                0x0000000000000dba                softuart_puts_p
 .text.libgcc.mul
                0x0000000000000dfe        0x0 /usr/lib/gcc/avr/4.8.1/avr25/libgcc.a(_divmodhi4.o)
 .text.libgcc.div
                0x0000000000000dfe       0x26 /usr/lib/gcc/avr/4.8.1/avr25/libgcc.a(_divmodhi4.o)
                0x0000000000000dfe                __divmodhi4
                0x0000000000000dfe                _div
 .text.libgcc   0x0000000000000e24        0x0 /usr/lib/gcc/avr/4.8.1/avr25/libgcc.a(_divmodhi4.o)
 .text.libgcc.prologue
                0x0000000000000e24        0x0 /usr/lib/gcc/avr/4.8.1/avr25/libgcc.a(_divmodhi4.o)
 .text.libgcc.builtins
                0x0000000000000e24        0x0 /usr/lib/gcc/avr/4.8.1/avr25/libgcc.a(_divmodhi4.o)
 .text.libgcc.fmul
                0x0000000000000e24        0x0 /usr/lib/gcc/avr/4.8.1/avr25/libgcc.a(_divmodhi4.o)
 .text.libgcc.fixed
                0x0000000000000e24        0x0 /usr/lib/gcc/avr/4.8.1/avr25/libgcc.a(_divmodhi4.o)
 .text.libgcc.mul
                0x0000000000000e24        0x0 /usr/lib/gcc/avr/4.8.1/avr25/libgcc.a(_exit.o)
 .text.libgcc.div
                0x0000000000000e24        0x0 /usr/lib/gcc/avr/4.8.1/avr25/libgcc.a(_exit.o)
 .text.libgcc   0x0000000000000e24        0x0 /usr/lib/gcc/avr/4.8.1/avr25/libgcc.a(_exit.o)
 .text.libgcc.prologue
                0x0000000000000e24        0x0 /usr/lib/gcc/avr/4.8.1/avr25/libgcc.a(_exit.o)
 .text.libgcc.builtins
                0x0000000000000e24        0x0 /usr/lib/gcc/avr/4.8.1/avr25/libgcc.a(_exit.o)
 .text.libgcc.fmul
                0x0000000000000e24        0x0 /usr/lib/gcc/avr/4.8.1/avr25/libgcc.a(_exit.o)
 .text.libgcc.fixed
                0x0000000000000e24        0x0 /usr/lib/gcc/avr/4.8.1/avr25/libgcc.a(_exit.o)
 .text.libgcc.mul
                0x0000000000000e24        0x0 /usr/lib/gcc/avr/4.8.1/avr25/libgcc.a(_copy_data.o)
 .text.libgcc.div
                0x0000000000000e24        0x0 /usr/lib/gcc/avr/4.8.1/avr25/libgcc.a(_copy_data.o)
 .text.libgcc   0x0000000000000e24        0x0 /usr/lib/gcc/avr/4.8.1/avr25/libgcc.a(_copy_data.o)
 .text.libgcc.prologue
                0x0000000000000e24        0x0 /usr/lib/gcc/avr/4.8.1/avr25/libgcc.a(_copy_data.o)
 .text.libgcc.builtins
                0x0000000000000e24        0x0 /usr/lib/gcc/avr/4.8.1/avr25/libgcc.a(_copy_data.o)
 .text.libgcc.fmul
                0x0000000000000e24        0x0 /usr/lib/gcc/avr/4.8.1/avr25/libgcc.a(_copy_data.o)
 .text.libgcc.fixed
                0x0000000000000e24        0x0 /usr/lib/gcc/avr/4.8.1/avr25/libgcc.a(_copy_data.o)
 .text.libgcc.mul
                0x0000000000000e24        0x0 /usr/lib/gcc/avr/4.8.1/avr25/libgcc.a(_clear_bss.o)
 .text.libgcc.div
                0x0000000000000e24        0x0 /usr/lib/gcc/avr/4.8.1/avr25/libgcc.a(_clear_bss.o)
 .text.libgcc   0x0000000000000e24        0x0 /usr/lib/gcc/avr/4.8.1/avr25/libgcc.a(_clear_bss.o)
 .text.libgcc.prologue
                0x0000000000000e24        0x0 /usr/lib/gcc/avr/4.8.1/avr25/libgcc.a(_clear_bss.o)
 .text.libgcc.builtins
                0x0000000000000e24        0x0 /usr/lib/gcc/avr/4.8.1/avr25/libgcc.a(_clear_bss.o)
 .text.libgcc.fmul
                0x0000000000000e24        0x0 /usr/lib/gcc/avr/4.8.1/avr25/libgcc.a(_clear_bss.o)
 .text.libgcc.fixed
                0x0000000000000e24        0x0 /usr/lib/gcc/avr/4.8.1/avr25/libgcc.a(_clear_bss.o)
 .text.libgcc.mul
                0x0000000000000e24        0x0 /usr/lib/gcc/avr/4.8.1/avr25/libgcc.a(_ashldi3.o)
 .text.libgcc.div
                0x0000000000000e24        0x0 /usr/lib/gcc/avr/4.8.1/avr25/libgcc.a(_ashldi3.o)
 .text.libgcc   0x0000000000000e24        0x0 /usr/lib/gcc/avr/4.8.1/avr25/libgcc.a(_ashldi3.o)
 .text.libgcc.prologue
                0x0000000000000e24        0x0 /usr/lib/gcc/avr/4.8.1/avr25/libgcc.a(_ashldi3.o)
 .text.libgcc.builtins
                0x0000000000000e24       0x32 /usr/lib/gcc/avr/4.8.1/avr25/libgcc.a(_ashldi3.o)
                0x0000000000000e24                __ashldi3
 .text.libgcc.fmul
                0x0000000000000e56        0x0 /usr/lib/gcc/avr/4.8.1/avr25/libgcc.a(_ashldi3.o)
 .text.libgcc.fixed
                0x0000000000000e56        0x0 /usr/lib/gcc/avr/4.8.1/avr25/libgcc.a(_ashldi3.o)
 .text.libgcc.mul
                0x0000000000000e56        0x0 /usr/lib/gcc/avr/4.8.1/avr25/libgcc.a(_ashrdi3.o)
 .text.libgcc.div
                0x0000000000000e56        0x0 /usr/lib/gcc/avr/4.8.1/avr25/libgcc.a(_ashrdi3.o)
 .text.libgcc   0x0000000000000e56        0x0 /usr/lib/gcc/avr/4.8.1/avr25/libgcc.a(_ashrdi3.o)
 .text.libgcc.prologue
                0x0000000000000e56        0x0 /usr/lib/gcc/avr/4.8.1/avr25/libgcc.a(_ashrdi3.o)
 .text.libgcc.builtins
                0x0000000000000e56       0x3c /usr/lib/gcc/avr/4.8.1/avr25/libgcc.a(_ashrdi3.o)
                0x0000000000000e56                __ashrdi3
                0x0000000000000e5a                __lshrdi3
 .text.libgcc.fmul
                0x0000000000000e92        0x0 /usr/lib/gcc/avr/4.8.1/avr25/libgcc.a(_ashrdi3.o)
 .text.libgcc.fixed
                0x0000000000000e92        0x0 /usr/lib/gcc/avr/4.8.1/avr25/libgcc.a(_ashrdi3.o)
 .text.libgcc.mul
                0x0000000000000e92        0x0 /usr/lib/gcc/avr/4.8.1/avr25/libgcc.a(_udivmodhi4.o)
 .text.libgcc.div
                0x0000000000000e92       0x28 /usr/lib/gcc/avr/4.8.1/avr25/libgcc.a(_udivmodhi4.o)
                0x0000000000000e92                __udivmodhi4
 .text.libgcc   0x0000000000000eba        0x0 /usr/lib/gcc/avr/4.8.1/avr25/libgcc.a(_udivmodhi4.o)
 .text.libgcc.prologue
                0x0000000000000eba        0x0 /usr/lib/gcc/avr/4.8.1/avr25/libgcc.a(_udivmodhi4.o)
 .text.libgcc.builtins
                0x0000000000000eba        0x0 /usr/lib/gcc/avr/4.8.1/avr25/libgcc.a(_udivmodhi4.o)
 .text.libgcc.fmul
                0x0000000000000eba        0x0 /usr/lib/gcc/avr/4.8.1/avr25/libgcc.a(_udivmodhi4.o)
 .text.libgcc.fixed
                0x0000000000000eba        0x0 /usr/lib/gcc/avr/4.8.1/avr25/libgcc.a(_udivmodhi4.o)
 .text.avr-libc.fplib
                0x0000000000000eba        0xa /usr/lib/gcc/avr/4.8.1/../../../avr/lib/avr25/libm.a(addsf3.o)
                0x0000000000000eba                __subsf3
                0x0000000000000ebc                __addsf3
 .text.avr-libc.fplib
                0x0000000000000ec4       0xc0 /usr/lib/gcc/avr/4.8.1/../../../avr/lib/avr25/libm.a(addsf3x.o)
                0x0000000000000ede                __addsf3x
 .text.avr-libc.fplib
                0x0000000000000f84        0x4 /usr/lib/gcc/avr/4.8.1/../../../avr/lib/avr25/libm.a(divsf3.o)
                0x0000000000000f84                __divsf3
 .text.avr-libc.fplib
                0x0000000000000f88       0xcc /usr/lib/gcc/avr/4.8.1/../../../avr/lib/avr25/libm.a(divsf3x.o)
                0x0000000000000f9e                __divsf3x
                0x0000000000000fa2                __divsf3_pse
 .text.avr-libc.fplib
                0x0000000000001054        0xa /usr/lib/gcc/avr/4.8.1/../../../avr/lib/avr25/libm.a(fixsfsi.o)
                0x0000000000001054                __fixsfsi
 .text.avr-libc.fplib
                0x000000000000105e       0x58 /usr/lib/gcc/avr/4.8.1/../../../avr/lib/avr25/libm.a(fixunssfsi.o)
                0x000000000000105e                __fixunssfsi
 .text.avr-libc.fplib
                0x00000000000010b6       0x7a /usr/lib/gcc/avr/4.8.1/../../../avr/lib/avr25/libm.a(floatsisf.o)
                0x00000000000010b6                __floatunsisf
                0x00000000000010ba                __floatsisf
 .text.avr-libc.fplib
                0x0000000000001130        0xc /usr/lib/gcc/avr/4.8.1/../../../avr/lib/avr25/libm.a(fp_inf.o)
                0x0000000000001130                __fp_inf
 .text.avr-libc.fplib
                0x000000000000113c        0x6 /usr/lib/gcc/avr/4.8.1/../../../avr/lib/avr25/libm.a(fp_nan.o)
                0x000000000000113c                __fp_nan
 .text.avr-libc.fplib
                0x0000000000001142        0xe /usr/lib/gcc/avr/4.8.1/../../../avr/lib/avr25/libm.a(fp_pscA.o)
                0x0000000000001142                __fp_pscA
 .text.avr-libc.fplib
                0x0000000000001150        0xe /usr/lib/gcc/avr/4.8.1/../../../avr/lib/avr25/libm.a(fp_pscB.o)
                0x0000000000001150                __fp_pscB
 .text.avr-libc.fplib
                0x000000000000115e       0x22 /usr/lib/gcc/avr/4.8.1/../../../avr/lib/avr25/libm.a(fp_round.o)
                0x000000000000115e                __fp_round
 .text.avr-libc.fplib
                0x0000000000001180       0x44 /usr/lib/gcc/avr/4.8.1/../../../avr/lib/avr25/libm.a(fp_split3.o)
                0x0000000000001180                __fp_split3
                0x0000000000001190                __fp_splitA
 .text.avr-libc.fplib
                0x00000000000011c4        0xe /usr/lib/gcc/avr/4.8.1/../../../avr/lib/avr25/libm.a(fp_zero.o)
                0x00000000000011c4                __fp_zero
                0x00000000000011c6                __fp_szero
 .text.avr-libc.fplib
                0x00000000000011d2        0x4 /usr/lib/gcc/avr/4.8.1/../../../avr/lib/avr25/libm.a(mulsf3.o)
                0x00000000000011d2                __mulsf3
 .text.avr-libc.fplib
                0x00000000000011d6       0xd2 /usr/lib/gcc/avr/4.8.1/../../../avr/lib/avr25/libm.a(mulsf3x.o)
                0x00000000000011e8                __mulsf3x
                0x00000000000011ec                __mulsf3_pse
 .text.avr-libc.fplib
                0x00000000000012a8       0x98 /usr/lib/gcc/avr/4.8.1/../../../avr/lib/avr25/libm.a(pow.o)
                0x00000000000012a8                pow
 .text.avr-libc.fplib
                0x0000000000001340       0x62 /usr/lib/gcc/avr/4.8.1/../../../avr/lib/avr25/libm.a(exp.o)
                0x000000000000134a                exp
 .text.avr-libc.fplib
                0x00000000000013a2       0x4a /usr/lib/gcc/avr/4.8.1/../../../avr/lib/avr25/libm.a(fp_powser.o)
                0x00000000000013a2                __fp_powser
 .text.avr-libc.fplib
                0x00000000000013ec        0xe /usr/lib/gcc/avr/4.8.1/../../../avr/lib/avr25/libm.a(inverse.o)
                0x00000000000013ec                inverse
 .text.avr-libc.fplib
                0x00000000000013fa       0x6c /usr/lib/gcc/avr/4.8.1/../../../avr/lib/avr25/libm.a(ldexp.o)
                0x00000000000013fe                ldexp
 .text.avr-libc.fplib
                0x0000000000001466       0x8a /usr/lib/gcc/avr/4.8.1/../../../avr/lib/avr25/libm.a(log.o)
                0x0000000000001470                log
 .text.avr-libc.fplib
                0x00000000000014f0       0x66 /usr/lib/gcc/avr/4.8.1/../../../avr/lib/avr25/libm.a(modf.o)
                0x00000000000014f0                modff
                0x00000000000014f0                modf
 .text.avr-libc.fplib
                0x0000000000001556       0x1c /usr/lib/gcc/avr/4.8.1/../../../avr/lib/avr25/libm.a(fp_mpack.o)
                0x0000000000001556                __fp_mpack
                0x000000000000155a                __fp_mpack_finite
 .text.avr-libc
                0x0000000000001572        0xe /usr/lib/gcc/avr/4.8.1/../../../avr/lib/avr25/libc.a(memset.o)
                0x0000000000001572                memset
 .text.avr-libc
                0x0000000000001580       0x5a /usr/lib/gcc/avr/4.8.1/../../../avr/lib/avr25/libc.a(snprintf.o)
                0x0000000000001580                snprintf
 .text.avr-libc
                0x00000000000015da      0x386 /usr/lib/gcc/avr/4.8.1/../../../avr/lib/avr25/libc.a(vfprintf_std.o)
                0x00000000000015da                vfprintf
 .text.avr-libc
                0x0000000000001960       0x16 /usr/lib/gcc/avr/4.8.1/../../../avr/lib/avr25/libc.a(strnlen_P.o)
                0x0000000000001960                strnlen_P
 .text.avr-libc
                0x0000000000001976       0x16 /usr/lib/gcc/avr/4.8.1/../../../avr/lib/avr25/libc.a(strnlen.o)
                0x0000000000001976                strnlen
 .text.avr-libc
                0x000000000000198c       0x64 /usr/lib/gcc/avr/4.8.1/../../../avr/lib/avr25/libc.a(fputc.o)
                0x000000000000198c                fputc
 .text.avr-libc
                0x00000000000019f0       0xc0 /usr/lib/gcc/avr/4.8.1/../../../avr/lib/avr25/libc.a(ultoa_invert.o)
                0x00000000000019f0                __ultoa_invert
 .text.libgcc.mul
                0x0000000000001ab0       0x12 /usr/lib/gcc/avr/4.8.1/avr25/libgcc.a(_mulqi3.o)
                0x0000000000001ab0                __mulqi3
 .text.libgcc.div
                0x0000000000001ac2        0x0 /usr/lib/gcc/avr/4.8.1/avr25/libgcc.a(_mulqi3.o)
 .text.libgcc   0x0000000000001ac2        0x0 /usr/lib/gcc/avr/4.8.1/avr25/libgcc.a(_mulqi3.o)
 .text.libgcc.prologue
                0x0000000000001ac2        0x0 /usr/lib/gcc/avr/4.8.1/avr25/libgcc.a(_mulqi3.o)
 .text.libgcc.builtins
                0x0000000000001ac2        0x0 /usr/lib/gcc/avr/4.8.1/avr25/libgcc.a(_mulqi3.o)
 .text.libgcc.fmul
                0x0000000000001ac2        0x0 /usr/lib/gcc/avr/4.8.1/avr25/libgcc.a(_mulqi3.o)
 .text.libgcc.fixed
                0x0000000000001ac2        0x0 /usr/lib/gcc/avr/4.8.1/avr25/libgcc.a(_mulqi3.o)
 .text.libgcc.mul
                0x0000000000001ac2        0x0 /usr/lib/gcc/avr/4.8.1/avr25/libgcc.a(_prologue.o)
 .text.libgcc.div
                0x0000000000001ac2        0x0 /usr/lib/gcc/avr/4.8.1/avr25/libgcc.a(_prologue.o)
 .text.libgcc   0x0000000000001ac2        0x0 /usr/lib/gcc/avr/4.8.1/avr25/libgcc.a(_prologue.o)
 .text.libgcc.prologue
                0x0000000000001ac2       0x38 /usr/lib/gcc/avr/4.8.1/avr25/libgcc.a(_prologue.o)
                0x0000000000001ac2                __prologue_saves__
 .text.libgcc.builtins
                0x0000000000001afa        0x0 /usr/lib/gcc/avr/4.8.1/avr25/libgcc.a(_prologue.o)
 .text.libgcc.fmul
                0x0000000000001afa        0x0 /usr/lib/gcc/avr/4.8.1/avr25/libgcc.a(_prologue.o)
 .text.libgcc.fixed
                0x0000000000001afa        0x0 /usr/lib/gcc/avr/4.8.1/avr25/libgcc.a(_prologue.o)
 .text.libgcc.mul
                0x0000000000001afa        0x0 /usr/lib/gcc/avr/4.8.1/avr25/libgcc.a(_epilogue.o)
 .text.libgcc.div
                0x0000000000001afa        0x0 /usr/lib/gcc/avr/4.8.1/avr25/libgcc.a(_epilogue.o)
 .text.libgcc   0x0000000000001afa        0x0 /usr/lib/gcc/avr/4.8.1/avr25/libgcc.a(_epilogue.o)
 .text.libgcc.prologue
                0x0000000000001afa       0x36 /usr/lib/gcc/avr/4.8.1/avr25/libgcc.a(_epilogue.o)
                0x0000000000001afa                __epilogue_restores__
 .text.libgcc.builtins
                0x0000000000001b30        0x0 /usr/lib/gcc/avr/4.8.1/avr25/libgcc.a(_epilogue.o)
 .text.libgcc.fmul
                0x0000000000001b30        0x0 /usr/lib/gcc/avr/4.8.1/avr25/libgcc.a(_epilogue.o)
 .text.libgcc.fixed
                0x0000000000001b30        0x0 /usr/lib/gcc/avr/4.8.1/avr25/libgcc.a(_epilogue.o)
                0x0000000000001b30                . = ALIGN (0x2)
 *(.fini9)
 .fini9         0x0000000000001b30        0x0 /usr/lib/gcc/avr/4.8.1/avr25/libgcc.a(_exit.o)
                0x0000000000001b30                exit
                0x0000000000001b30                _exit
 *(.fini9)
 *(.fini8)
 *(.fini8)
 *(.fini7)
 *(.fini7)
 *(.fini6)
 *(.fini6)
 *(.fini5)
 *(.fini5)
 *(.fini4)
 *(.fini4)
 *(.fini3)
 *(.fini3)
 *(.fini2)
 *(.fini2)
 *(.fini1)
 *(.fini1)
 *(.fini0)
 .fini0         0x0000000000001b30        0x4 /usr/lib/gcc/avr/4.8.1/avr25/libgcc.a(_exit.o)
 *(.fini0)
                0x0000000000001b34                _etext = .

.data           0x0000000000800060       0x5a load address 0x0000000000001b34
                0x0000000000800060                PROVIDE (__data_start, .)
 *(.data)
 .data          0x0000000000800060        0x0 /usr/lib/gcc/avr/4.8.1/../../../avr/lib/avr25/crttn85.o
 .data          0x0000000000800060        0x0 ./am2302Sensor.o
 .data          0x0000000000800060        0x0 ./gpio.o
 .data          0x0000000000800060        0x0 ./main.o
 .data          0x0000000000800060        0x0 ./softuart.o
 .data          0x0000000000800060        0x0 /usr/lib/gcc/avr/4.8.1/avr25/libgcc.a(_divmodhi4.o)
 .data          0x0000000000800060        0x0 /usr/lib/gcc/avr/4.8.1/avr25/libgcc.a(_exit.o)
 .data          0x0000000000800060        0x0 /usr/lib/gcc/avr/4.8.1/avr25/libgcc.a(_copy_data.o)
 .data          0x0000000000800060        0x0 /usr/lib/gcc/avr/4.8.1/avr25/libgcc.a(_clear_bss.o)
 .data          0x0000000000800060        0x0 /usr/lib/gcc/avr/4.8.1/avr25/libgcc.a(_ashldi3.o)
 .data          0x0000000000800060        0x0 /usr/lib/gcc/avr/4.8.1/avr25/libgcc.a(_ashrdi3.o)
 .data          0x0000000000800060        0x0 /usr/lib/gcc/avr/4.8.1/avr25/libgcc.a(_udivmodhi4.o)
 .data          0x0000000000800060        0x0 /usr/lib/gcc/avr/4.8.1/../../../avr/lib/avr25/libm.a(addsf3.o)
 .data          0x0000000000800060        0x0 /usr/lib/gcc/avr/4.8.1/../../../avr/lib/avr25/libm.a(addsf3x.o)
 .data          0x0000000000800060        0x0 /usr/lib/gcc/avr/4.8.1/../../../avr/lib/avr25/libm.a(divsf3.o)
 .data          0x0000000000800060        0x0 /usr/lib/gcc/avr/4.8.1/../../../avr/lib/avr25/libm.a(divsf3x.o)
 .data          0x0000000000800060        0x0 /usr/lib/gcc/avr/4.8.1/../../../avr/lib/avr25/libm.a(fixsfsi.o)
 .data          0x0000000000800060        0x0 /usr/lib/gcc/avr/4.8.1/../../../avr/lib/avr25/libm.a(fixunssfsi.o)
 .data          0x0000000000800060        0x0 /usr/lib/gcc/avr/4.8.1/../../../avr/lib/avr25/libm.a(floatsisf.o)
 .data          0x0000000000800060        0x0 /usr/lib/gcc/avr/4.8.1/../../../avr/lib/avr25/libm.a(fp_inf.o)
 .data          0x0000000000800060        0x0 /usr/lib/gcc/avr/4.8.1/../../../avr/lib/avr25/libm.a(fp_nan.o)
 .data          0x0000000000800060        0x0 /usr/lib/gcc/avr/4.8.1/../../../avr/lib/avr25/libm.a(fp_pscA.o)
 .data          0x0000000000800060        0x0 /usr/lib/gcc/avr/4.8.1/../../../avr/lib/avr25/libm.a(fp_pscB.o)
 .data          0x0000000000800060        0x0 /usr/lib/gcc/avr/4.8.1/../../../avr/lib/avr25/libm.a(fp_round.o)
 .data          0x0000000000800060        0x0 /usr/lib/gcc/avr/4.8.1/../../../avr/lib/avr25/libm.a(fp_split3.o)
 .data          0x0000000000800060        0x0 /usr/lib/gcc/avr/4.8.1/../../../avr/lib/avr25/libm.a(fp_zero.o)
 .data          0x0000000000800060        0x0 /usr/lib/gcc/avr/4.8.1/../../../avr/lib/avr25/libm.a(mulsf3.o)
 .data          0x0000000000800060        0x0 /usr/lib/gcc/avr/4.8.1/../../../avr/lib/avr25/libm.a(mulsf3x.o)
 .data          0x0000000000800060        0x0 /usr/lib/gcc/avr/4.8.1/../../../avr/lib/avr25/libm.a(pow.o)
 .data          0x0000000000800060        0x0 /usr/lib/gcc/avr/4.8.1/../../../avr/lib/avr25/libm.a(exp.o)
 .data          0x0000000000800060        0x0 /usr/lib/gcc/avr/4.8.1/../../../avr/lib/avr25/libm.a(fp_powser.o)
 .data          0x0000000000800060        0x0 /usr/lib/gcc/avr/4.8.1/../../../avr/lib/avr25/libm.a(inverse.o)
 .data          0x0000000000800060        0x0 /usr/lib/gcc/avr/4.8.1/../../../avr/lib/avr25/libm.a(ldexp.o)
 .data          0x0000000000800060        0x0 /usr/lib/gcc/avr/4.8.1/../../../avr/lib/avr25/libm.a(log.o)
 .data          0x0000000000800060        0x0 /usr/lib/gcc/avr/4.8.1/../../../avr/lib/avr25/libm.a(modf.o)
 .data          0x0000000000800060        0x0 /usr/lib/gcc/avr/4.8.1/../../../avr/lib/avr25/libm.a(fp_mpack.o)
 .data          0x0000000000800060        0x0 /usr/lib/gcc/avr/4.8.1/../../../avr/lib/avr25/libc.a(memset.o)
 .data          0x0000000000800060        0x0 /usr/lib/gcc/avr/4.8.1/../../../avr/lib/avr25/libc.a(snprintf.o)
 .data          0x0000000000800060        0x0 /usr/lib/gcc/avr/4.8.1/../../../avr/lib/avr25/libc.a(vfprintf_std.o)
 .data          0x0000000000800060        0x0 /usr/lib/gcc/avr/4.8.1/../../../avr/lib/avr25/libc.a(strnlen_P.o)
 .data          0x0000000000800060        0x0 /usr/lib/gcc/avr/4.8.1/../../../avr/lib/avr25/libc.a(strnlen.o)
 .data          0x0000000000800060        0x0 /usr/lib/gcc/avr/4.8.1/../../../avr/lib/avr25/libc.a(fputc.o)
 .data          0x0000000000800060        0x0 /usr/lib/gcc/avr/4.8.1/../../../avr/lib/avr25/libc.a(ultoa_invert.o)
 .data          0x0000000000800060        0x0 /usr/lib/gcc/avr/4.8.1/avr25/libgcc.a(_mulqi3.o)
 .data          0x0000000000800060        0x0 /usr/lib/gcc/avr/4.8.1/avr25/libgcc.a(_prologue.o)
 .data          0x0000000000800060        0x0 /usr/lib/gcc/avr/4.8.1/avr25/libgcc.a(_epilogue.o)
 *(.data*)
 *(.rodata)
 *(.rodata*)
 .rodata.str1.1
                0x0000000000800060       0x5a ./main.o
                                         0x61 (size before relaxing)
 *(.gnu.linkonce.d*)
                0x00000000008000ba                . = ALIGN (0x2)
                0x00000000008000ba                _edata = .
                0x00000000008000ba                PROVIDE (__data_end, .)

.bss            0x00000000008000ba       0x3b
                0x00000000008000ba                PROVIDE (__bss_start, .)
 *(.bss)
 .bss           0x00000000008000ba        0x0 /usr/lib/gcc/avr/4.8.1/../../../avr/lib/avr25/crttn85.o
 .bss           0x00000000008000ba        0x0 ./am2302Sensor.o
 .bss           0x00000000008000ba        0x0 ./gpio.o
 .bss           0x00000000008000ba        0x0 ./main.o
 .bss           0x00000000008000ba        0x0 ./softuart.o
 .bss           0x00000000008000ba        0x0 /usr/lib/gcc/avr/4.8.1/avr25/libgcc.a(_divmodhi4.o)
 .bss           0x00000000008000ba        0x0 /usr/lib/gcc/avr/4.8.1/avr25/libgcc.a(_exit.o)
 .bss           0x00000000008000ba        0x0 /usr/lib/gcc/avr/4.8.1/avr25/libgcc.a(_copy_data.o)
 .bss           0x00000000008000ba        0x0 /usr/lib/gcc/avr/4.8.1/avr25/libgcc.a(_clear_bss.o)
 .bss           0x00000000008000ba        0x0 /usr/lib/gcc/avr/4.8.1/avr25/libgcc.a(_ashldi3.o)
 .bss           0x00000000008000ba        0x0 /usr/lib/gcc/avr/4.8.1/avr25/libgcc.a(_ashrdi3.o)
 .bss           0x00000000008000ba        0x0 /usr/lib/gcc/avr/4.8.1/avr25/libgcc.a(_udivmodhi4.o)
 .bss           0x00000000008000ba        0x0 /usr/lib/gcc/avr/4.8.1/../../../avr/lib/avr25/libm.a(addsf3.o)
 .bss           0x00000000008000ba        0x0 /usr/lib/gcc/avr/4.8.1/../../../avr/lib/avr25/libm.a(addsf3x.o)
 .bss           0x00000000008000ba        0x0 /usr/lib/gcc/avr/4.8.1/../../../avr/lib/avr25/libm.a(divsf3.o)
 .bss           0x00000000008000ba        0x0 /usr/lib/gcc/avr/4.8.1/../../../avr/lib/avr25/libm.a(divsf3x.o)
 .bss           0x00000000008000ba        0x0 /usr/lib/gcc/avr/4.8.1/../../../avr/lib/avr25/libm.a(fixsfsi.o)
 .bss           0x00000000008000ba        0x0 /usr/lib/gcc/avr/4.8.1/../../../avr/lib/avr25/libm.a(fixunssfsi.o)
 .bss           0x00000000008000ba        0x0 /usr/lib/gcc/avr/4.8.1/../../../avr/lib/avr25/libm.a(floatsisf.o)
 .bss           0x00000000008000ba        0x0 /usr/lib/gcc/avr/4.8.1/../../../avr/lib/avr25/libm.a(fp_inf.o)
 .bss           0x00000000008000ba        0x0 /usr/lib/gcc/avr/4.8.1/../../../avr/lib/avr25/libm.a(fp_nan.o)
 .bss           0x00000000008000ba        0x0 /usr/lib/gcc/avr/4.8.1/../../../avr/lib/avr25/libm.a(fp_pscA.o)
 .bss           0x00000000008000ba        0x0 /usr/lib/gcc/avr/4.8.1/../../../avr/lib/avr25/libm.a(fp_pscB.o)
 .bss           0x00000000008000ba        0x0 /usr/lib/gcc/avr/4.8.1/../../../avr/lib/avr25/libm.a(fp_round.o)
 .bss           0x00000000008000ba        0x0 /usr/lib/gcc/avr/4.8.1/../../../avr/lib/avr25/libm.a(fp_split3.o)
 .bss           0x00000000008000ba        0x0 /usr/lib/gcc/avr/4.8.1/../../../avr/lib/avr25/libm.a(fp_zero.o)
 .bss           0x00000000008000ba        0x0 /usr/lib/gcc/avr/4.8.1/../../../avr/lib/avr25/libm.a(mulsf3.o)
 .bss           0x00000000008000ba        0x0 /usr/lib/gcc/avr/4.8.1/../../../avr/lib/avr25/libm.a(mulsf3x.o)
 .bss           0x00000000008000ba        0x0 /usr/lib/gcc/avr/4.8.1/../../../avr/lib/avr25/libm.a(pow.o)
 .bss           0x00000000008000ba        0x0 /usr/lib/gcc/avr/4.8.1/../../../avr/lib/avr25/libm.a(exp.o)
 .bss           0x00000000008000ba        0x0 /usr/lib/gcc/avr/4.8.1/../../../avr/lib/avr25/libm.a(fp_powser.o)
 .bss           0x00000000008000ba        0x0 /usr/lib/gcc/avr/4.8.1/../../../avr/lib/avr25/libm.a(inverse.o)
 .bss           0x00000000008000ba        0x0 /usr/lib/gcc/avr/4.8.1/../../../avr/lib/avr25/libm.a(ldexp.o)
 .bss           0x00000000008000ba        0x0 /usr/lib/gcc/avr/4.8.1/../../../avr/lib/avr25/libm.a(log.o)
 .bss           0x00000000008000ba        0x0 /usr/lib/gcc/avr/4.8.1/../../../avr/lib/avr25/libm.a(modf.o)
 .bss           0x00000000008000ba        0x0 /usr/lib/gcc/avr/4.8.1/../../../avr/lib/avr25/libm.a(fp_mpack.o)
 .bss           0x00000000008000ba        0x0 /usr/lib/gcc/avr/4.8.1/../../../avr/lib/avr25/libc.a(memset.o)
 .bss           0x00000000008000ba        0x0 /usr/lib/gcc/avr/4.8.1/../../../avr/lib/avr25/libc.a(snprintf.o)
 .bss           0x00000000008000ba        0x0 /usr/lib/gcc/avr/4.8.1/../../../avr/lib/avr25/libc.a(vfprintf_std.o)
 .bss           0x00000000008000ba        0x0 /usr/lib/gcc/avr/4.8.1/../../../avr/lib/avr25/libc.a(strnlen_P.o)
 .bss           0x00000000008000ba        0x0 /usr/lib/gcc/avr/4.8.1/../../../avr/lib/avr25/libc.a(strnlen.o)
 .bss           0x00000000008000ba        0x0 /usr/lib/gcc/avr/4.8.1/../../../avr/lib/avr25/libc.a(fputc.o)
 .bss           0x00000000008000ba        0x0 /usr/lib/gcc/avr/4.8.1/../../../avr/lib/avr25/libc.a(ultoa_invert.o)
 .bss           0x00000000008000ba        0x0 /usr/lib/gcc/avr/4.8.1/avr25/libgcc.a(_mulqi3.o)
 .bss           0x00000000008000ba        0x0 /usr/lib/gcc/avr/4.8.1/avr25/libgcc.a(_prologue.o)
 .bss           0x00000000008000ba        0x0 /usr/lib/gcc/avr/4.8.1/avr25/libgcc.a(_epilogue.o)
 *(.bss*)
 .bss.sensor_reading
                0x00000000008000ba        0x8 ./am2302Sensor.o
                0x00000000008000ba                sensor_reading
 .bss.data      0x00000000008000c2        0x5 ./am2302Sensor.o
                0x00000000008000c2                data
 .bss.rx_mask.1689
                0x00000000008000c7        0x1 ./softuart.o
 .bss.bits_left_in_rx.1691
                0x00000000008000c8        0x1 ./softuart.o
 .bss.internal_rx_buffer.1692
                0x00000000008000c9        0x1 ./softuart.o
 .bss.timer_rx_ctr.1690
                0x00000000008000ca        0x1 ./softuart.o
 .bss.flag_rx_waiting_for_stop_bit.1688
                0x00000000008000cb        0x1 ./softuart.o
 .bss.internal_tx_buffer
                0x00000000008000cc        0x2 ./softuart.o
 .bss.bits_left_in_tx
                0x00000000008000ce        0x1 ./softuart.o
 .bss.timer_tx_ctr
                0x00000000008000cf        0x1 ./softuart.o
 .bss.flag_tx_ready
                0x00000000008000d0        0x1 ./softuart.o
 .bss.flag_rx_ready
                0x00000000008000d1        0x1 ./softuart.o
 .bss.flag_rx_off
                0x00000000008000d2        0x1 ./softuart.o
 .bss.qout      0x00000000008000d3        0x1 ./softuart.o
 .bss.qin       0x00000000008000d4        0x1 ./softuart.o
 .bss.inbuf     0x00000000008000d5       0x20 ./softuart.o
 *(COMMON)
                0x00000000008000f5                PROVIDE (__bss_end, .)
                0x0000000000001b34                __data_load_start = LOADADDR (.data)
                0x0000000000001b8e                __data_load_end = (__data_load_start + SIZEOF (.data))

.noinit         0x00000000008000f5        0x0
                0x00000000008000f5                PROVIDE (__noinit_start, .)
 *(.noinit*)
                0x00000000008000f5                PROVIDE (__noinit_end, .)
                0x00000000008000f5                _end = .
                0x00000000008000f5                PROVIDE (__heap_start, .)

.eeprom         0x0000000000810000        0x0
 *(.eeprom*)
                0x0000000000810000                __eeprom_end = .

.fuse
 *(.fuse)
 *(.lfuse)
 *(.hfuse)
 *(.efuse)

.lock
 *(.lock*)

.signature
 *(.signature*)

.user_signatures
 *(.user_signatures*)

.stab           0x0000000000000000     0x24cc
 *(.stab)
 .stab          0x0000000000000000      0x834 ./am2302Sensor.o
 .stab          0x0000000000000834      0x36c ./gpio.o
                                        0x528 (size before relaxing)
 .stab          0x0000000000000ba0      0xfa8 ./main.o
                                       0x11c4 (size before relaxing)
 .stab          0x0000000000001b48      0x984 ./softuart.o
                                        0xb4c (size before relaxing)

.stabstr        0x0000000000000000     0x1310
 *(.stabstr)
 .stabstr       0x0000000000000000     0x1310 ./am2302Sensor.o

.stab.excl
 *(.stab.excl)

.stab.exclstr
 *(.stab.exclstr)

.stab.index
 *(.stab.index)

.stab.indexstr
 *(.stab.indexstr)

.comment        0x0000000000000000       0x11
 *(.comment)
 .comment       0x0000000000000000       0x11 ./am2302Sensor.o
                                         0x12 (size before relaxing)
 .comment       0x0000000000000000       0x12 ./gpio.o
 .comment       0x0000000000000000       0x12 ./main.o
 .comment       0x0000000000000000       0x12 ./softuart.o
 .comment       0x0000000000000000       0x12 /usr/lib/gcc/avr/4.8.1/../../../avr/lib/avr25/libc.a(snprintf.o)
 .comment       0x0000000000000000       0x12 /usr/lib/gcc/avr/4.8.1/../../../avr/lib/avr25/libc.a(vfprintf_std.o)
 .comment       0x0000000000000000       0x12 /usr/lib/gcc/avr/4.8.1/../../../avr/lib/avr25/libc.a(fputc.o)

.note.gnu.build-id
 *(.note.gnu.build-id)

.debug
 *(.debug)

.line
 *(.line)

.debug_srcinfo
 *(.debug_srcinfo)

.debug_sfnames
 *(.debug_sfnames)

.debug_aranges
 *(.debug_aranges)

.debug_pubnames
 *(.debug_pubnames)

.debug_info
 *(.debug_info .gnu.linkonce.wi.*)

.debug_abbrev
 *(.debug_abbrev)

.debug_line
 *(.debug_line .debug_line.* .debug_line_end)

.debug_frame
 *(.debug_frame)

.debug_str
 *(.debug_str)

.debug_loc
 *(.debug_loc)

.debug_macinfo
 *(.debug_macinfo)

.debug_weaknames
 *(.debug_weaknames)

.debug_funcnames
 *(.debug_funcnames)

.debug_typenames
 *(.debug_typenames)

.debug_varnames
 *(.debug_varnames)

.debug_pubtypes
 *(.debug_pubtypes)

.debug_ranges
 *(.debug_ranges)

.debug_macro
 *(.debug_macro)
OUTPUT(AttinyIOT.elf elf32-avr)
LOAD linker stubs
