Archive member included because of file (symbol)

/usr/lib/gcc/avr/4.8.1/avr25/libgcc.a(_divmodhi4.o)
                              ./main.o (__divmodhi4)
/usr/lib/gcc/avr/4.8.1/avr25/libgcc.a(_exit.o)
                              /usr/lib/gcc/avr/4.8.1/../../../avr/lib/avr25/crttn85.o (exit)
/usr/lib/gcc/avr/4.8.1/avr25/libgcc.a(_copy_data.o)
                              ./main.o (__do_copy_data)
/usr/lib/gcc/avr/4.8.1/avr25/libgcc.a(_clear_bss.o)
                              ./am2302Sensor.o (__do_clear_bss)
/usr/lib/gcc/avr/4.8.1/avr25/libgcc.a(_ashldi3.o)
                              ./am2302Sensor.o (__ashldi3)
/usr/lib/gcc/avr/4.8.1/avr25/libgcc.a(_ashrdi3.o)
                              ./am2302Sensor.o (__lshrdi3)
/usr/lib/gcc/avr/4.8.1/avr25/libgcc.a(_udivmodhi4.o)
                              /usr/lib/gcc/avr/4.8.1/avr25/libgcc.a(_divmodhi4.o) (__udivmodhi4)
/usr/lib/gcc/avr/4.8.1/../../../avr/lib/avr25/libm.a(addsf3.o)
                              ./main.o (__subsf3)
/usr/lib/gcc/avr/4.8.1/../../../avr/lib/avr25/libm.a(addsf3x.o)
                              /usr/lib/gcc/avr/4.8.1/../../../avr/lib/avr25/libm.a(addsf3.o) (__addsf3x)
/usr/lib/gcc/avr/4.8.1/../../../avr/lib/avr25/libm.a(divsf3.o)
                              ./am2302Sensor.o (__divsf3)
/usr/lib/gcc/avr/4.8.1/../../../avr/lib/avr25/libm.a(divsf3x.o)
                              /usr/lib/gcc/avr/4.8.1/../../../avr/lib/avr25/libm.a(divsf3.o) (__divsf3x)
/usr/lib/gcc/avr/4.8.1/../../../avr/lib/avr25/libm.a(fixsfsi.o)
                              ./main.o (__fixsfsi)
/usr/lib/gcc/avr/4.8.1/../../../avr/lib/avr25/libm.a(fixunssfsi.o)
                              /usr/lib/gcc/avr/4.8.1/../../../avr/lib/avr25/libm.a(fixsfsi.o) (__fixunssfsi)
/usr/lib/gcc/avr/4.8.1/../../../avr/lib/avr25/libm.a(floatsisf.o)
                              ./am2302Sensor.o (__floatunsisf)
/usr/lib/gcc/avr/4.8.1/../../../avr/lib/avr25/libm.a(fp_inf.o)
                              /usr/lib/gcc/avr/4.8.1/../../../avr/lib/avr25/libm.a(addsf3x.o) (__fp_inf)
/usr/lib/gcc/avr/4.8.1/../../../avr/lib/avr25/libm.a(fp_nan.o)
                              /usr/lib/gcc/avr/4.8.1/../../../avr/lib/avr25/libm.a(addsf3x.o) (__fp_nan)
/usr/lib/gcc/avr/4.8.1/../../../avr/lib/avr25/libm.a(fp_pscA.o)
                              /usr/lib/gcc/avr/4.8.1/../../../avr/lib/avr25/libm.a(addsf3x.o) (__fp_pscA)
/usr/lib/gcc/avr/4.8.1/../../../avr/lib/avr25/libm.a(fp_pscB.o)
                              /usr/lib/gcc/avr/4.8.1/../../../avr/lib/avr25/libm.a(addsf3x.o) (__fp_pscB)
/usr/lib/gcc/avr/4.8.1/../../../avr/lib/avr25/libm.a(fp_round.o)
                              /usr/lib/gcc/avr/4.8.1/../../../avr/lib/avr25/libm.a(addsf3.o) (__fp_round)
/usr/lib/gcc/avr/4.8.1/../../../avr/lib/avr25/libm.a(fp_split3.o)
                              /usr/lib/gcc/avr/4.8.1/../../../avr/lib/avr25/libm.a(addsf3x.o) (__fp_split3)
/usr/lib/gcc/avr/4.8.1/../../../avr/lib/avr25/libm.a(fp_zero.o)
                              /usr/lib/gcc/avr/4.8.1/../../../avr/lib/avr25/libm.a(addsf3x.o) (__fp_zero)
/usr/lib/gcc/avr/4.8.1/../../../avr/lib/avr25/libm.a(mulsf3.o)
                              ./main.o (__mulsf3)
/usr/lib/gcc/avr/4.8.1/../../../avr/lib/avr25/libm.a(mulsf3x.o)
                              /usr/lib/gcc/avr/4.8.1/../../../avr/lib/avr25/libm.a(mulsf3.o) (__mulsf3x)
/usr/lib/gcc/avr/4.8.1/../../../avr/lib/avr25/libm.a(pow.o)
                              ./main.o (pow)
/usr/lib/gcc/avr/4.8.1/../../../avr/lib/avr25/libm.a(exp.o)
                              /usr/lib/gcc/avr/4.8.1/../../../avr/lib/avr25/libm.a(pow.o) (exp)
/usr/lib/gcc/avr/4.8.1/../../../avr/lib/avr25/libm.a(fp_powser.o)
                              /usr/lib/gcc/avr/4.8.1/../../../avr/lib/avr25/libm.a(exp.o) (__fp_powser)
/usr/lib/gcc/avr/4.8.1/../../../avr/lib/avr25/libm.a(inverse.o)
                              /usr/lib/gcc/avr/4.8.1/../../../avr/lib/avr25/libm.a(exp.o) (inverse)
/usr/lib/gcc/avr/4.8.1/../../../avr/lib/avr25/libm.a(ldexp.o)
                              /usr/lib/gcc/avr/4.8.1/../../../avr/lib/avr25/libm.a(exp.o) (ldexp)
/usr/lib/gcc/avr/4.8.1/../../../avr/lib/avr25/libm.a(log.o)
                              /usr/lib/gcc/avr/4.8.1/../../../avr/lib/avr25/libm.a(pow.o) (log)
/usr/lib/gcc/avr/4.8.1/../../../avr/lib/avr25/libm.a(modf.o)
                              /usr/lib/gcc/avr/4.8.1/../../../avr/lib/avr25/libm.a(exp.o) (modf)
/usr/lib/gcc/avr/4.8.1/../../../avr/lib/avr25/libm.a(fp_mpack.o)
                              /usr/lib/gcc/avr/4.8.1/../../../avr/lib/avr25/libm.a(ldexp.o) (__fp_mpack)
/usr/lib/gcc/avr/4.8.1/../../../avr/lib/avr25/libc.a(snprintf.o)
                              ./main.o (snprintf)
/usr/lib/gcc/avr/4.8.1/../../../avr/lib/avr25/libc.a(vfprintf_std.o)
                              /usr/lib/gcc/avr/4.8.1/../../../avr/lib/avr25/libc.a(snprintf.o) (vfprintf)
/usr/lib/gcc/avr/4.8.1/../../../avr/lib/avr25/libc.a(strnlen_P.o)
                              /usr/lib/gcc/avr/4.8.1/../../../avr/lib/avr25/libc.a(vfprintf_std.o) (strnlen_P)
/usr/lib/gcc/avr/4.8.1/../../../avr/lib/avr25/libc.a(strnlen.o)
                              /usr/lib/gcc/avr/4.8.1/../../../avr/lib/avr25/libc.a(vfprintf_std.o) (strnlen)
/usr/lib/gcc/avr/4.8.1/../../../avr/lib/avr25/libc.a(fputc.o)
                              /usr/lib/gcc/avr/4.8.1/../../../avr/lib/avr25/libc.a(vfprintf_std.o) (fputc)
/usr/lib/gcc/avr/4.8.1/../../../avr/lib/avr25/libc.a(ultoa_invert.o)
                              /usr/lib/gcc/avr/4.8.1/../../../avr/lib/avr25/libc.a(vfprintf_std.o) (__ultoa_invert)
/usr/lib/gcc/avr/4.8.1/avr25/libgcc.a(_mulqi3.o)
                              /usr/lib/gcc/avr/4.8.1/../../../avr/lib/avr25/libc.a(vfprintf_std.o) (__mulqi3)
/usr/lib/gcc/avr/4.8.1/avr25/libgcc.a(_prologue.o)
                              /usr/lib/gcc/avr/4.8.1/../../../avr/lib/avr25/libc.a(snprintf.o) (__prologue_saves__)
/usr/lib/gcc/avr/4.8.1/avr25/libgcc.a(_epilogue.o)
                              /usr/lib/gcc/avr/4.8.1/../../../avr/lib/avr25/libc.a(snprintf.o) (__epilogue_restores__)

Memory Configuration

Name             Origin             Length             Attributes
text             0x0000000000000000 0x0000000000002000 xr
data             0x0000000000800060 0x000000000000ffa0 rw !x
eeprom           0x0000000000810000 0x0000000000010000 rw !x
fuse             0x0000000000820000 0x0000000000000400 rw !x
lock             0x0000000000830000 0x0000000000000400 rw !x
signature        0x0000000000840000 0x0000000000000400 rw !x
user_signatures  0x0000000000850000 0x0000000000000400 rw !x
*default*        0x0000000000000000 0xffffffffffffffff

Linker script and memory map

LOAD /usr/lib/gcc/avr/4.8.1/../../../avr/lib/avr25/crttn85.o
LOAD ./am2302Sensor.o
LOAD ./gpio.o
LOAD ./main.o
LOAD ./softuart.o
START GROUP
LOAD /usr/lib/gcc/avr/4.8.1/avr25/libgcc.a
LOAD /usr/lib/gcc/avr/4.8.1/../../../avr/lib/avr25/libm.a
LOAD /usr/lib/gcc/avr/4.8.1/../../../avr/lib/avr25/libc.a
END GROUP

.hash
 *(.hash)

.dynsym
 *(.dynsym)

.dynstr
 *(.dynstr)

.gnu.version
 *(.gnu.version)

.gnu.version_d
 *(.gnu.version_d)

.gnu.version_r
 *(.gnu.version_r)

.rel.init
 *(.rel.init)

.rela.init
 *(.rela.init)

.rel.text
 *(.rel.text)
 *(.rel.text.*)
 *(.rel.gnu.linkonce.t*)

.rela.text
 *(.rela.text)
 *(.rela.text.*)
 *(.rela.gnu.linkonce.t*)

.rel.fini
 *(.rel.fini)

.rela.fini
 *(.rela.fini)

.rel.rodata
 *(.rel.rodata)
 *(.rel.rodata.*)
 *(.rel.gnu.linkonce.r*)

.rela.rodata
 *(.rela.rodata)
 *(.rela.rodata.*)
 *(.rela.gnu.linkonce.r*)

.rel.data
 *(.rel.data)
 *(.rel.data.*)
 *(.rel.gnu.linkonce.d*)

.rela.data
 *(.rela.data)
 *(.rela.data.*)
 *(.rela.gnu.linkonce.d*)

.rel.ctors
 *(.rel.ctors)

.rela.ctors
 *(.rela.ctors)

.rel.dtors
 *(.rel.dtors)

.rela.dtors
 *(.rela.dtors)

.rel.got
 *(.rel.got)

.rela.got
 *(.rela.got)

.rel.bss
 *(.rel.bss)

.rela.bss
 *(.rela.bss)

.rel.plt
 *(.rel.plt)

.rela.plt
 *(.rela.plt)

.text           0x0000000000000000     0x15ba
 *(.vectors)
 .vectors       0x0000000000000000       0x1e /usr/lib/gcc/avr/4.8.1/../../../avr/lib/avr25/crttn85.o
                0x0000000000000000                __vectors
                0x0000000000000000                __vector_default
 *(.vectors)
 *(.progmem.gcc*)
 .progmem.gcc_fplib
                0x000000000000001e       0x28 /usr/lib/gcc/avr/4.8.1/../../../avr/lib/avr25/libm.a(exp.o)
 .progmem.gcc_fplib
                0x0000000000000046       0x5a /usr/lib/gcc/avr/4.8.1/../../../avr/lib/avr25/libm.a(log.o)
                0x00000000000000a0                . = ALIGN (0x2)
                0x00000000000000a0                __trampolines_start = .
 *(.trampolines)
 .trampolines   0x00000000000000a0        0x0 linker stubs
 *(.trampolines*)
                0x00000000000000a0                __trampolines_end = .
 *(.progmem*)
                0x00000000000000a0                . = ALIGN (0x2)
 *(.jumptables)
 *(.jumptables*)
 *(.lowtext)
 *(.lowtext*)
                0x00000000000000a0                __ctors_start = .
 *(.ctors)
                0x00000000000000a0                __ctors_end = .
                0x00000000000000a0                __dtors_start = .
 *(.dtors)
                0x00000000000000a0                __dtors_end = .
 SORT(*)(.ctors)
 SORT(*)(.dtors)
 *(.init0)
 .init0         0x00000000000000a0        0x0 /usr/lib/gcc/avr/4.8.1/../../../avr/lib/avr25/crttn85.o
                0x00000000000000a0                __init
 *(.init0)
 *(.init1)
 *(.init1)
 *(.init2)
 .init2         0x00000000000000a0        0xc /usr/lib/gcc/avr/4.8.1/../../../avr/lib/avr25/crttn85.o
 *(.init2)
 *(.init3)
 *(.init3)
 *(.init4)
 .init4         0x00000000000000ac       0x16 /usr/lib/gcc/avr/4.8.1/avr25/libgcc.a(_copy_data.o)
                0x00000000000000ac                __do_copy_data
 .init4         0x00000000000000c2       0x10 /usr/lib/gcc/avr/4.8.1/avr25/libgcc.a(_clear_bss.o)
                0x00000000000000c2                __do_clear_bss
 *(.init4)
 *(.init5)
 *(.init5)
 *(.init6)
 *(.init6)
 *(.init7)
 *(.init7)
 *(.init8)
 *(.init8)
 *(.init9)
 .init9         0x00000000000000d2        0x4 /usr/lib/gcc/avr/4.8.1/../../../avr/lib/avr25/crttn85.o
 *(.init9)
 *(.text)
 .text          0x00000000000000d6        0x2 /usr/lib/gcc/avr/4.8.1/../../../avr/lib/avr25/crttn85.o
                0x00000000000000d6                __vector_1
                0x00000000000000d6                __vector_12
                0x00000000000000d6                __bad_interrupt
                0x00000000000000d6                __vector_6
                0x00000000000000d6                __vector_3
                0x00000000000000d6                __vector_11
                0x00000000000000d6                __vector_13
                0x00000000000000d6                __vector_7
                0x00000000000000d6                __vector_5
                0x00000000000000d6                __vector_4
                0x00000000000000d6                __vector_9
                0x00000000000000d6                __vector_2
                0x00000000000000d6                __vector_8
                0x00000000000000d6                __vector_14
 .text          0x00000000000000d8        0x0 ./am2302Sensor.o
 .text          0x00000000000000d8        0x0 ./gpio.o
 .text          0x00000000000000d8        0x0 ./main.o
 .text          0x00000000000000d8        0x0 ./softuart.o
 .text          0x00000000000000d8        0x0 /usr/lib/gcc/avr/4.8.1/avr25/libgcc.a(_divmodhi4.o)
 .text          0x00000000000000d8        0x0 /usr/lib/gcc/avr/4.8.1/avr25/libgcc.a(_exit.o)
 .text          0x00000000000000d8        0x0 /usr/lib/gcc/avr/4.8.1/avr25/libgcc.a(_copy_data.o)
 .text          0x00000000000000d8        0x0 /usr/lib/gcc/avr/4.8.1/avr25/libgcc.a(_clear_bss.o)
 .text          0x00000000000000d8        0x0 /usr/lib/gcc/avr/4.8.1/avr25/libgcc.a(_ashldi3.o)
 .text          0x00000000000000d8        0x0 /usr/lib/gcc/avr/4.8.1/avr25/libgcc.a(_ashrdi3.o)
 .text          0x00000000000000d8        0x0 /usr/lib/gcc/avr/4.8.1/avr25/libgcc.a(_udivmodhi4.o)
 .text          0x00000000000000d8        0x0 /usr/lib/gcc/avr/4.8.1/../../../avr/lib/avr25/libm.a(addsf3.o)
 .text          0x00000000000000d8        0x0 /usr/lib/gcc/avr/4.8.1/../../../avr/lib/avr25/libm.a(addsf3x.o)
 .text          0x00000000000000d8        0x0 /usr/lib/gcc/avr/4.8.1/../../../avr/lib/avr25/libm.a(divsf3.o)
 .text          0x00000000000000d8        0x0 /usr/lib/gcc/avr/4.8.1/../../../avr/lib/avr25/libm.a(divsf3x.o)
 .text          0x00000000000000d8        0x0 /usr/lib/gcc/avr/4.8.1/../../../avr/lib/avr25/libm.a(fixsfsi.o)
 .text          0x00000000000000d8        0x0 /usr/lib/gcc/avr/4.8.1/../../../avr/lib/avr25/libm.a(fixunssfsi.o)
 .text          0x00000000000000d8        0x0 /usr/lib/gcc/avr/4.8.1/../../../avr/lib/avr25/libm.a(floatsisf.o)
 .text          0x00000000000000d8        0x0 /usr/lib/gcc/avr/4.8.1/../../../avr/lib/avr25/libm.a(fp_inf.o)
 .text          0x00000000000000d8        0x0 /usr/lib/gcc/avr/4.8.1/../../../avr/lib/avr25/libm.a(fp_nan.o)
 .text          0x00000000000000d8        0x0 /usr/lib/gcc/avr/4.8.1/../../../avr/lib/avr25/libm.a(fp_pscA.o)
 .text          0x00000000000000d8        0x0 /usr/lib/gcc/avr/4.8.1/../../../avr/lib/avr25/libm.a(fp_pscB.o)
 .text          0x00000000000000d8        0x0 /usr/lib/gcc/avr/4.8.1/../../../avr/lib/avr25/libm.a(fp_round.o)
 .text          0x00000000000000d8        0x0 /usr/lib/gcc/avr/4.8.1/../../../avr/lib/avr25/libm.a(fp_split3.o)
 .text          0x00000000000000d8        0x0 /usr/lib/gcc/avr/4.8.1/../../../avr/lib/avr25/libm.a(fp_zero.o)
 .text          0x00000000000000d8        0x0 /usr/lib/gcc/avr/4.8.1/../../../avr/lib/avr25/libm.a(mulsf3.o)
 .text          0x00000000000000d8        0x0 /usr/lib/gcc/avr/4.8.1/../../../avr/lib/avr25/libm.a(mulsf3x.o)
 .text          0x00000000000000d8        0x0 /usr/lib/gcc/avr/4.8.1/../../../avr/lib/avr25/libm.a(pow.o)
 .text          0x00000000000000d8        0x0 /usr/lib/gcc/avr/4.8.1/../../../avr/lib/avr25/libm.a(exp.o)
 .text          0x00000000000000d8        0x0 /usr/lib/gcc/avr/4.8.1/../../../avr/lib/avr25/libm.a(fp_powser.o)
 .text          0x00000000000000d8        0x0 /usr/lib/gcc/avr/4.8.1/../../../avr/lib/avr25/libm.a(inverse.o)
 .text          0x00000000000000d8        0x0 /usr/lib/gcc/avr/4.8.1/../../../avr/lib/avr25/libm.a(ldexp.o)
 .text          0x00000000000000d8        0x0 /usr/lib/gcc/avr/4.8.1/../../../avr/lib/avr25/libm.a(log.o)
 .text          0x00000000000000d8        0x0 /usr/lib/gcc/avr/4.8.1/../../../avr/lib/avr25/libm.a(modf.o)
 .text          0x00000000000000d8        0x0 /usr/lib/gcc/avr/4.8.1/../../../avr/lib/avr25/libm.a(fp_mpack.o)
 .text          0x00000000000000d8        0x0 /usr/lib/gcc/avr/4.8.1/../../../avr/lib/avr25/libc.a(snprintf.o)
 .text          0x00000000000000d8        0x0 /usr/lib/gcc/avr/4.8.1/../../../avr/lib/avr25/libc.a(vfprintf_std.o)
 .text          0x00000000000000d8        0x0 /usr/lib/gcc/avr/4.8.1/../../../avr/lib/avr25/libc.a(strnlen_P.o)
 .text          0x00000000000000d8        0x0 /usr/lib/gcc/avr/4.8.1/../../../avr/lib/avr25/libc.a(strnlen.o)
 .text          0x00000000000000d8        0x0 /usr/lib/gcc/avr/4.8.1/../../../avr/lib/avr25/libc.a(fputc.o)
 .text          0x00000000000000d8        0x0 /usr/lib/gcc/avr/4.8.1/../../../avr/lib/avr25/libc.a(ultoa_invert.o)
 .text          0x00000000000000d8        0x0 /usr/lib/gcc/avr/4.8.1/avr25/libgcc.a(_mulqi3.o)
 .text          0x00000000000000d8        0x0 /usr/lib/gcc/avr/4.8.1/avr25/libgcc.a(_prologue.o)
 .text          0x00000000000000d8        0x0 /usr/lib/gcc/avr/4.8.1/avr25/libgcc.a(_epilogue.o)
                0x00000000000000d8                . = ALIGN (0x2)
 *(.text.*)
 .text.readBit  0x00000000000000d8       0x26 ./am2302Sensor.o
                0x00000000000000d8                readBit
 .text.getTemperature
                0x00000000000000fe       0x20 ./am2302Sensor.o
                0x00000000000000fe                getTemperature
 .text.getHumidity
                0x000000000000011e       0x20 ./am2302Sensor.o
                0x000000000000011e                getHumidity
 .text.readAM2302Data
                0x000000000000013e      0x1c0 ./am2302Sensor.o
                0x000000000000013e                readAM2302Data
 .text.setpin   0x00000000000002fe       0x58 ./gpio.o
                0x00000000000002fe                setpin
 .text.setdirection
                0x0000000000000356       0x22 ./gpio.o
                0x0000000000000356                setdirection
 .text.initPins
                0x0000000000000378       0x32 ./main.o
                0x0000000000000378                initPins
 .text.reverse  0x00000000000003aa       0x2a ./main.o
                0x00000000000003aa                reverse
 .text.intToStr
                0x00000000000003d4       0x60 ./main.o
                0x00000000000003d4                intToStr
 .text.ftoa     0x0000000000000434       0xea ./main.o
                0x0000000000000434                ftoa
 .text.startup.main
                0x000000000000051e      0x16a ./main.o
                0x000000000000051e                main
 .text.__vector_10
                0x0000000000000688      0x124 ./softuart.o
                0x0000000000000688                __vector_10
 .text.softuart_init
                0x00000000000007ac       0x2c ./softuart.o
                0x00000000000007ac                softuart_init
 .text.softuart_turn_rx_on
                0x00000000000007d8        0x6 ./softuart.o
                0x00000000000007d8                softuart_turn_rx_on
 .text.softuart_turn_rx_off
                0x00000000000007de        0x8 ./softuart.o
                0x00000000000007de                softuart_turn_rx_off
 .text.softuart_getchar
                0x00000000000007e6       0x28 ./softuart.o
                0x00000000000007e6                softuart_getchar
 .text.softuart_kbhit
                0x000000000000080e       0x12 ./softuart.o
                0x000000000000080e                softuart_kbhit
 .text.softuart_flush_input_buffer
                0x0000000000000820        0xa ./softuart.o
                0x0000000000000820                softuart_flush_input_buffer
 .text.softuart_can_transmit
                0x000000000000082a        0x6 ./softuart.o
                0x000000000000082a                softuart_can_transmit
 .text.softuart_putchar
                0x0000000000000830       0x2c ./softuart.o
                0x0000000000000830                softuart_putchar
 .text.softuart_puts
                0x000000000000085c       0x1a ./softuart.o
                0x000000000000085c                softuart_puts
 .text.softuart_puts_p
                0x0000000000000876       0x1c ./softuart.o
                0x0000000000000876                softuart_puts_p
 .text.libgcc.mul
                0x0000000000000892        0x0 /usr/lib/gcc/avr/4.8.1/avr25/libgcc.a(_divmodhi4.o)
 .text.libgcc.div
                0x0000000000000892       0x26 /usr/lib/gcc/avr/4.8.1/avr25/libgcc.a(_divmodhi4.o)
                0x0000000000000892                __divmodhi4
                0x0000000000000892                _div
 .text.libgcc   0x00000000000008b8        0x0 /usr/lib/gcc/avr/4.8.1/avr25/libgcc.a(_divmodhi4.o)
 .text.libgcc.prologue
                0x00000000000008b8        0x0 /usr/lib/gcc/avr/4.8.1/avr25/libgcc.a(_divmodhi4.o)
 .text.libgcc.builtins
                0x00000000000008b8        0x0 /usr/lib/gcc/avr/4.8.1/avr25/libgcc.a(_divmodhi4.o)
 .text.libgcc.fmul
                0x00000000000008b8        0x0 /usr/lib/gcc/avr/4.8.1/avr25/libgcc.a(_divmodhi4.o)
 .text.libgcc.fixed
                0x00000000000008b8        0x0 /usr/lib/gcc/avr/4.8.1/avr25/libgcc.a(_divmodhi4.o)
 .text.libgcc.mul
                0x00000000000008b8        0x0 /usr/lib/gcc/avr/4.8.1/avr25/libgcc.a(_exit.o)
 .text.libgcc.div
                0x00000000000008b8        0x0 /usr/lib/gcc/avr/4.8.1/avr25/libgcc.a(_exit.o)
 .text.libgcc   0x00000000000008b8        0x0 /usr/lib/gcc/avr/4.8.1/avr25/libgcc.a(_exit.o)
 .text.libgcc.prologue
                0x00000000000008b8        0x0 /usr/lib/gcc/avr/4.8.1/avr25/libgcc.a(_exit.o)
 .text.libgcc.builtins
                0x00000000000008b8        0x0 /usr/lib/gcc/avr/4.8.1/avr25/libgcc.a(_exit.o)
 .text.libgcc.fmul
                0x00000000000008b8        0x0 /usr/lib/gcc/avr/4.8.1/avr25/libgcc.a(_exit.o)
 .text.libgcc.fixed
                0x00000000000008b8        0x0 /usr/lib/gcc/avr/4.8.1/avr25/libgcc.a(_exit.o)
 .text.libgcc.mul
                0x00000000000008b8        0x0 /usr/lib/gcc/avr/4.8.1/avr25/libgcc.a(_copy_data.o)
 .text.libgcc.div
                0x00000000000008b8        0x0 /usr/lib/gcc/avr/4.8.1/avr25/libgcc.a(_copy_data.o)
 .text.libgcc   0x00000000000008b8        0x0 /usr/lib/gcc/avr/4.8.1/avr25/libgcc.a(_copy_data.o)
 .text.libgcc.prologue
                0x00000000000008b8        0x0 /usr/lib/gcc/avr/4.8.1/avr25/libgcc.a(_copy_data.o)
 .text.libgcc.builtins
                0x00000000000008b8        0x0 /usr/lib/gcc/avr/4.8.1/avr25/libgcc.a(_copy_data.o)
 .text.libgcc.fmul
                0x00000000000008b8        0x0 /usr/lib/gcc/avr/4.8.1/avr25/libgcc.a(_copy_data.o)
 .text.libgcc.fixed
                0x00000000000008b8        0x0 /usr/lib/gcc/avr/4.8.1/avr25/libgcc.a(_copy_data.o)
 .text.libgcc.mul
                0x00000000000008b8        0x0 /usr/lib/gcc/avr/4.8.1/avr25/libgcc.a(_clear_bss.o)
 .text.libgcc.div
                0x00000000000008b8        0x0 /usr/lib/gcc/avr/4.8.1/avr25/libgcc.a(_clear_bss.o)
 .text.libgcc   0x00000000000008b8        0x0 /usr/lib/gcc/avr/4.8.1/avr25/libgcc.a(_clear_bss.o)
 .text.libgcc.prologue
                0x00000000000008b8        0x0 /usr/lib/gcc/avr/4.8.1/avr25/libgcc.a(_clear_bss.o)
 .text.libgcc.builtins
                0x00000000000008b8        0x0 /usr/lib/gcc/avr/4.8.1/avr25/libgcc.a(_clear_bss.o)
 .text.libgcc.fmul
                0x00000000000008b8        0x0 /usr/lib/gcc/avr/4.8.1/avr25/libgcc.a(_clear_bss.o)
 .text.libgcc.fixed
                0x00000000000008b8        0x0 /usr/lib/gcc/avr/4.8.1/avr25/libgcc.a(_clear_bss.o)
 .text.libgcc.mul
                0x00000000000008b8        0x0 /usr/lib/gcc/avr/4.8.1/avr25/libgcc.a(_ashldi3.o)
 .text.libgcc.div
                0x00000000000008b8        0x0 /usr/lib/gcc/avr/4.8.1/avr25/libgcc.a(_ashldi3.o)
 .text.libgcc   0x00000000000008b8        0x0 /usr/lib/gcc/avr/4.8.1/avr25/libgcc.a(_ashldi3.o)
 .text.libgcc.prologue
                0x00000000000008b8        0x0 /usr/lib/gcc/avr/4.8.1/avr25/libgcc.a(_ashldi3.o)
 .text.libgcc.builtins
                0x00000000000008b8       0x32 /usr/lib/gcc/avr/4.8.1/avr25/libgcc.a(_ashldi3.o)
                0x00000000000008b8                __ashldi3
 .text.libgcc.fmul
                0x00000000000008ea        0x0 /usr/lib/gcc/avr/4.8.1/avr25/libgcc.a(_ashldi3.o)
 .text.libgcc.fixed
                0x00000000000008ea        0x0 /usr/lib/gcc/avr/4.8.1/avr25/libgcc.a(_ashldi3.o)
 .text.libgcc.mul
                0x00000000000008ea        0x0 /usr/lib/gcc/avr/4.8.1/avr25/libgcc.a(_ashrdi3.o)
 .text.libgcc.div
                0x00000000000008ea        0x0 /usr/lib/gcc/avr/4.8.1/avr25/libgcc.a(_ashrdi3.o)
 .text.libgcc   0x00000000000008ea        0x0 /usr/lib/gcc/avr/4.8.1/avr25/libgcc.a(_ashrdi3.o)
 .text.libgcc.prologue
                0x00000000000008ea        0x0 /usr/lib/gcc/avr/4.8.1/avr25/libgcc.a(_ashrdi3.o)
 .text.libgcc.builtins
                0x00000000000008ea       0x3c /usr/lib/gcc/avr/4.8.1/avr25/libgcc.a(_ashrdi3.o)
                0x00000000000008ea                __ashrdi3
                0x00000000000008ee                __lshrdi3
 .text.libgcc.fmul
                0x0000000000000926        0x0 /usr/lib/gcc/avr/4.8.1/avr25/libgcc.a(_ashrdi3.o)
 .text.libgcc.fixed
                0x0000000000000926        0x0 /usr/lib/gcc/avr/4.8.1/avr25/libgcc.a(_ashrdi3.o)
 .text.libgcc.mul
                0x0000000000000926        0x0 /usr/lib/gcc/avr/4.8.1/avr25/libgcc.a(_udivmodhi4.o)
 .text.libgcc.div
                0x0000000000000926       0x28 /usr/lib/gcc/avr/4.8.1/avr25/libgcc.a(_udivmodhi4.o)
                0x0000000000000926                __udivmodhi4
 .text.libgcc   0x000000000000094e        0x0 /usr/lib/gcc/avr/4.8.1/avr25/libgcc.a(_udivmodhi4.o)
 .text.libgcc.prologue
                0x000000000000094e        0x0 /usr/lib/gcc/avr/4.8.1/avr25/libgcc.a(_udivmodhi4.o)
 .text.libgcc.builtins
                0x000000000000094e        0x0 /usr/lib/gcc/avr/4.8.1/avr25/libgcc.a(_udivmodhi4.o)
 .text.libgcc.fmul
                0x000000000000094e        0x0 /usr/lib/gcc/avr/4.8.1/avr25/libgcc.a(_udivmodhi4.o)
 .text.libgcc.fixed
                0x000000000000094e        0x0 /usr/lib/gcc/avr/4.8.1/avr25/libgcc.a(_udivmodhi4.o)
 .text.avr-libc.fplib
                0x000000000000094e        0xa /usr/lib/gcc/avr/4.8.1/../../../avr/lib/avr25/libm.a(addsf3.o)
                0x000000000000094e                __subsf3
                0x0000000000000950                __addsf3
 .text.avr-libc.fplib
                0x0000000000000958       0xc0 /usr/lib/gcc/avr/4.8.1/../../../avr/lib/avr25/libm.a(addsf3x.o)
                0x0000000000000972                __addsf3x
 .text.avr-libc.fplib
                0x0000000000000a18        0x4 /usr/lib/gcc/avr/4.8.1/../../../avr/lib/avr25/libm.a(divsf3.o)
                0x0000000000000a18                __divsf3
 .text.avr-libc.fplib
                0x0000000000000a1c       0xcc /usr/lib/gcc/avr/4.8.1/../../../avr/lib/avr25/libm.a(divsf3x.o)
                0x0000000000000a32                __divsf3x
                0x0000000000000a36                __divsf3_pse
 .text.avr-libc.fplib
                0x0000000000000ae8        0xa /usr/lib/gcc/avr/4.8.1/../../../avr/lib/avr25/libm.a(fixsfsi.o)
                0x0000000000000ae8                __fixsfsi
 .text.avr-libc.fplib
                0x0000000000000af2       0x58 /usr/lib/gcc/avr/4.8.1/../../../avr/lib/avr25/libm.a(fixunssfsi.o)
                0x0000000000000af2                __fixunssfsi
 .text.avr-libc.fplib
                0x0000000000000b4a       0x7a /usr/lib/gcc/avr/4.8.1/../../../avr/lib/avr25/libm.a(floatsisf.o)
                0x0000000000000b4a                __floatunsisf
                0x0000000000000b4e                __floatsisf
 .text.avr-libc.fplib
                0x0000000000000bc4        0xc /usr/lib/gcc/avr/4.8.1/../../../avr/lib/avr25/libm.a(fp_inf.o)
                0x0000000000000bc4                __fp_inf
 .text.avr-libc.fplib
                0x0000000000000bd0        0x6 /usr/lib/gcc/avr/4.8.1/../../../avr/lib/avr25/libm.a(fp_nan.o)
                0x0000000000000bd0                __fp_nan
 .text.avr-libc.fplib
                0x0000000000000bd6        0xe /usr/lib/gcc/avr/4.8.1/../../../avr/lib/avr25/libm.a(fp_pscA.o)
                0x0000000000000bd6                __fp_pscA
 .text.avr-libc.fplib
                0x0000000000000be4        0xe /usr/lib/gcc/avr/4.8.1/../../../avr/lib/avr25/libm.a(fp_pscB.o)
                0x0000000000000be4                __fp_pscB
 .text.avr-libc.fplib
                0x0000000000000bf2       0x22 /usr/lib/gcc/avr/4.8.1/../../../avr/lib/avr25/libm.a(fp_round.o)
                0x0000000000000bf2                __fp_round
 .text.avr-libc.fplib
                0x0000000000000c14       0x44 /usr/lib/gcc/avr/4.8.1/../../../avr/lib/avr25/libm.a(fp_split3.o)
                0x0000000000000c14                __fp_split3
                0x0000000000000c24                __fp_splitA
 .text.avr-libc.fplib
                0x0000000000000c58        0xe /usr/lib/gcc/avr/4.8.1/../../../avr/lib/avr25/libm.a(fp_zero.o)
                0x0000000000000c58                __fp_zero
                0x0000000000000c5a                __fp_szero
 .text.avr-libc.fplib
                0x0000000000000c66        0x4 /usr/lib/gcc/avr/4.8.1/../../../avr/lib/avr25/libm.a(mulsf3.o)
                0x0000000000000c66                __mulsf3
 .text.avr-libc.fplib
                0x0000000000000c6a       0xd2 /usr/lib/gcc/avr/4.8.1/../../../avr/lib/avr25/libm.a(mulsf3x.o)
                0x0000000000000c7c                __mulsf3x
                0x0000000000000c80                __mulsf3_pse
 .text.avr-libc.fplib
                0x0000000000000d3c       0x98 /usr/lib/gcc/avr/4.8.1/../../../avr/lib/avr25/libm.a(pow.o)
                0x0000000000000d3c                pow
 .text.avr-libc.fplib
                0x0000000000000dd4       0x62 /usr/lib/gcc/avr/4.8.1/../../../avr/lib/avr25/libm.a(exp.o)
                0x0000000000000dde                exp
 .text.avr-libc.fplib
                0x0000000000000e36       0x4a /usr/lib/gcc/avr/4.8.1/../../../avr/lib/avr25/libm.a(fp_powser.o)
                0x0000000000000e36                __fp_powser
 .text.avr-libc.fplib
                0x0000000000000e80        0xe /usr/lib/gcc/avr/4.8.1/../../../avr/lib/avr25/libm.a(inverse.o)
                0x0000000000000e80                inverse
 .text.avr-libc.fplib
                0x0000000000000e8e       0x6c /usr/lib/gcc/avr/4.8.1/../../../avr/lib/avr25/libm.a(ldexp.o)
                0x0000000000000e92                ldexp
 .text.avr-libc.fplib
                0x0000000000000efa       0x8a /usr/lib/gcc/avr/4.8.1/../../../avr/lib/avr25/libm.a(log.o)
                0x0000000000000f04                log
 .text.avr-libc.fplib
                0x0000000000000f84       0x66 /usr/lib/gcc/avr/4.8.1/../../../avr/lib/avr25/libm.a(modf.o)
                0x0000000000000f84                modff
                0x0000000000000f84                modf
 .text.avr-libc.fplib
                0x0000000000000fea       0x1c /usr/lib/gcc/avr/4.8.1/../../../avr/lib/avr25/libm.a(fp_mpack.o)
                0x0000000000000fea                __fp_mpack
                0x0000000000000fee                __fp_mpack_finite
 .text.avr-libc
                0x0000000000001006       0x5a /usr/lib/gcc/avr/4.8.1/../../../avr/lib/avr25/libc.a(snprintf.o)
                0x0000000000001006                snprintf
 .text.avr-libc
                0x0000000000001060      0x386 /usr/lib/gcc/avr/4.8.1/../../../avr/lib/avr25/libc.a(vfprintf_std.o)
                0x0000000000001060                vfprintf
 .text.avr-libc
                0x00000000000013e6       0x16 /usr/lib/gcc/avr/4.8.1/../../../avr/lib/avr25/libc.a(strnlen_P.o)
                0x00000000000013e6                strnlen_P
 .text.avr-libc
                0x00000000000013fc       0x16 /usr/lib/gcc/avr/4.8.1/../../../avr/lib/avr25/libc.a(strnlen.o)
                0x00000000000013fc                strnlen
 .text.avr-libc
                0x0000000000001412       0x64 /usr/lib/gcc/avr/4.8.1/../../../avr/lib/avr25/libc.a(fputc.o)
                0x0000000000001412                fputc
 .text.avr-libc
                0x0000000000001476       0xc0 /usr/lib/gcc/avr/4.8.1/../../../avr/lib/avr25/libc.a(ultoa_invert.o)
                0x0000000000001476                __ultoa_invert
 .text.libgcc.mul
                0x0000000000001536       0x12 /usr/lib/gcc/avr/4.8.1/avr25/libgcc.a(_mulqi3.o)
                0x0000000000001536                __mulqi3
 .text.libgcc.div
                0x0000000000001548        0x0 /usr/lib/gcc/avr/4.8.1/avr25/libgcc.a(_mulqi3.o)
 .text.libgcc   0x0000000000001548        0x0 /usr/lib/gcc/avr/4.8.1/avr25/libgcc.a(_mulqi3.o)
 .text.libgcc.prologue
                0x0000000000001548        0x0 /usr/lib/gcc/avr/4.8.1/avr25/libgcc.a(_mulqi3.o)
 .text.libgcc.builtins
                0x0000000000001548        0x0 /usr/lib/gcc/avr/4.8.1/avr25/libgcc.a(_mulqi3.o)
 .text.libgcc.fmul
                0x0000000000001548        0x0 /usr/lib/gcc/avr/4.8.1/avr25/libgcc.a(_mulqi3.o)
 .text.libgcc.fixed
                0x0000000000001548        0x0 /usr/lib/gcc/avr/4.8.1/avr25/libgcc.a(_mulqi3.o)
 .text.libgcc.mul
                0x0000000000001548        0x0 /usr/lib/gcc/avr/4.8.1/avr25/libgcc.a(_prologue.o)
 .text.libgcc.div
                0x0000000000001548        0x0 /usr/lib/gcc/avr/4.8.1/avr25/libgcc.a(_prologue.o)
 .text.libgcc   0x0000000000001548        0x0 /usr/lib/gcc/avr/4.8.1/avr25/libgcc.a(_prologue.o)
 .text.libgcc.prologue
                0x0000000000001548       0x38 /usr/lib/gcc/avr/4.8.1/avr25/libgcc.a(_prologue.o)
                0x0000000000001548                __prologue_saves__
 .text.libgcc.builtins
                0x0000000000001580        0x0 /usr/lib/gcc/avr/4.8.1/avr25/libgcc.a(_prologue.o)
 .text.libgcc.fmul
                0x0000000000001580        0x0 /usr/lib/gcc/avr/4.8.1/avr25/libgcc.a(_prologue.o)
 .text.libgcc.fixed
                0x0000000000001580        0x0 /usr/lib/gcc/avr/4.8.1/avr25/libgcc.a(_prologue.o)
 .text.libgcc.mul
                0x0000000000001580        0x0 /usr/lib/gcc/avr/4.8.1/avr25/libgcc.a(_epilogue.o)
 .text.libgcc.div
                0x0000000000001580        0x0 /usr/lib/gcc/avr/4.8.1/avr25/libgcc.a(_epilogue.o)
 .text.libgcc   0x0000000000001580        0x0 /usr/lib/gcc/avr/4.8.1/avr25/libgcc.a(_epilogue.o)
 .text.libgcc.prologue
                0x0000000000001580       0x36 /usr/lib/gcc/avr/4.8.1/avr25/libgcc.a(_epilogue.o)
                0x0000000000001580                __epilogue_restores__
 .text.libgcc.builtins
                0x00000000000015b6        0x0 /usr/lib/gcc/avr/4.8.1/avr25/libgcc.a(_epilogue.o)
 .text.libgcc.fmul
                0x00000000000015b6        0x0 /usr/lib/gcc/avr/4.8.1/avr25/libgcc.a(_epilogue.o)
 .text.libgcc.fixed
                0x00000000000015b6        0x0 /usr/lib/gcc/avr/4.8.1/avr25/libgcc.a(_epilogue.o)
                0x00000000000015b6                . = ALIGN (0x2)
 *(.fini9)
 .fini9         0x00000000000015b6        0x0 /usr/lib/gcc/avr/4.8.1/avr25/libgcc.a(_exit.o)
                0x00000000000015b6                exit
                0x00000000000015b6                _exit
 *(.fini9)
 *(.fini8)
 *(.fini8)
 *(.fini7)
 *(.fini7)
 *(.fini6)
 *(.fini6)
 *(.fini5)
 *(.fini5)
 *(.fini4)
 *(.fini4)
 *(.fini3)
 *(.fini3)
 *(.fini2)
 *(.fini2)
 *(.fini1)
 *(.fini1)
 *(.fini0)
 .fini0         0x00000000000015b6        0x4 /usr/lib/gcc/avr/4.8.1/avr25/libgcc.a(_exit.o)
 *(.fini0)
                0x00000000000015ba                _etext = .

.data           0x0000000000800060       0x5a load address 0x00000000000015ba
                0x0000000000800060                PROVIDE (__data_start, .)
 *(.data)
 .data          0x0000000000800060        0x0 /usr/lib/gcc/avr/4.8.1/../../../avr/lib/avr25/crttn85.o
 .data          0x0000000000800060        0x0 ./am2302Sensor.o
 .data          0x0000000000800060        0x0 ./gpio.o
 .data          0x0000000000800060        0x0 ./main.o
 .data          0x0000000000800060        0x0 ./softuart.o
 .data          0x0000000000800060        0x0 /usr/lib/gcc/avr/4.8.1/avr25/libgcc.a(_divmodhi4.o)
 .data          0x0000000000800060        0x0 /usr/lib/gcc/avr/4.8.1/avr25/libgcc.a(_exit.o)
 .data          0x0000000000800060        0x0 /usr/lib/gcc/avr/4.8.1/avr25/libgcc.a(_copy_data.o)
 .data          0x0000000000800060        0x0 /usr/lib/gcc/avr/4.8.1/avr25/libgcc.a(_clear_bss.o)
 .data          0x0000000000800060        0x0 /usr/lib/gcc/avr/4.8.1/avr25/libgcc.a(_ashldi3.o)
 .data          0x0000000000800060        0x0 /usr/lib/gcc/avr/4.8.1/avr25/libgcc.a(_ashrdi3.o)
 .data          0x0000000000800060        0x0 /usr/lib/gcc/avr/4.8.1/avr25/libgcc.a(_udivmodhi4.o)
 .data          0x0000000000800060        0x0 /usr/lib/gcc/avr/4.8.1/../../../avr/lib/avr25/libm.a(addsf3.o)
 .data          0x0000000000800060        0x0 /usr/lib/gcc/avr/4.8.1/../../../avr/lib/avr25/libm.a(addsf3x.o)
 .data          0x0000000000800060        0x0 /usr/lib/gcc/avr/4.8.1/../../../avr/lib/avr25/libm.a(divsf3.o)
 .data          0x0000000000800060        0x0 /usr/lib/gcc/avr/4.8.1/../../../avr/lib/avr25/libm.a(divsf3x.o)
 .data          0x0000000000800060        0x0 /usr/lib/gcc/avr/4.8.1/../../../avr/lib/avr25/libm.a(fixsfsi.o)
 .data          0x0000000000800060        0x0 /usr/lib/gcc/avr/4.8.1/../../../avr/lib/avr25/libm.a(fixunssfsi.o)
 .data          0x0000000000800060        0x0 /usr/lib/gcc/avr/4.8.1/../../../avr/lib/avr25/libm.a(floatsisf.o)
 .data          0x0000000000800060        0x0 /usr/lib/gcc/avr/4.8.1/../../../avr/lib/avr25/libm.a(fp_inf.o)
 .data          0x0000000000800060        0x0 /usr/lib/gcc/avr/4.8.1/../../../avr/lib/avr25/libm.a(fp_nan.o)
 .data          0x0000000000800060        0x0 /usr/lib/gcc/avr/4.8.1/../../../avr/lib/avr25/libm.a(fp_pscA.o)
 .data          0x0000000000800060        0x0 /usr/lib/gcc/avr/4.8.1/../../../avr/lib/avr25/libm.a(fp_pscB.o)
 .data          0x0000000000800060        0x0 /usr/lib/gcc/avr/4.8.1/../../../avr/lib/avr25/libm.a(fp_round.o)
 .data          0x0000000000800060        0x0 /usr/lib/gcc/avr/4.8.1/../../../avr/lib/avr25/libm.a(fp_split3.o)
 .data          0x0000000000800060        0x0 /usr/lib/gcc/avr/4.8.1/../../../avr/lib/avr25/libm.a(fp_zero.o)
 .data          0x0000000000800060        0x0 /usr/lib/gcc/avr/4.8.1/../../../avr/lib/avr25/libm.a(mulsf3.o)
 .data          0x0000000000800060        0x0 /usr/lib/gcc/avr/4.8.1/../../../avr/lib/avr25/libm.a(mulsf3x.o)
 .data          0x0000000000800060        0x0 /usr/lib/gcc/avr/4.8.1/../../../avr/lib/avr25/libm.a(pow.o)
 .data          0x0000000000800060        0x0 /usr/lib/gcc/avr/4.8.1/../../../avr/lib/avr25/libm.a(exp.o)
 .data          0x0000000000800060        0x0 /usr/lib/gcc/avr/4.8.1/../../../avr/lib/avr25/libm.a(fp_powser.o)
 .data          0x0000000000800060        0x0 /usr/lib/gcc/avr/4.8.1/../../../avr/lib/avr25/libm.a(inverse.o)
 .data          0x0000000000800060        0x0 /usr/lib/gcc/avr/4.8.1/../../../avr/lib/avr25/libm.a(ldexp.o)
 .data          0x0000000000800060        0x0 /usr/lib/gcc/avr/4.8.1/../../../avr/lib/avr25/libm.a(log.o)
 .data          0x0000000000800060        0x0 /usr/lib/gcc/avr/4.8.1/../../../avr/lib/avr25/libm.a(modf.o)
 .data          0x0000000000800060        0x0 /usr/lib/gcc/avr/4.8.1/../../../avr/lib/avr25/libm.a(fp_mpack.o)
 .data          0x0000000000800060        0x0 /usr/lib/gcc/avr/4.8.1/../../../avr/lib/avr25/libc.a(snprintf.o)
 .data          0x0000000000800060        0x0 /usr/lib/gcc/avr/4.8.1/../../../avr/lib/avr25/libc.a(vfprintf_std.o)
 .data          0x0000000000800060        0x0 /usr/lib/gcc/avr/4.8.1/../../../avr/lib/avr25/libc.a(strnlen_P.o)
 .data          0x0000000000800060        0x0 /usr/lib/gcc/avr/4.8.1/../../../avr/lib/avr25/libc.a(strnlen.o)
 .data          0x0000000000800060        0x0 /usr/lib/gcc/avr/4.8.1/../../../avr/lib/avr25/libc.a(fputc.o)
 .data          0x0000000000800060        0x0 /usr/lib/gcc/avr/4.8.1/../../../avr/lib/avr25/libc.a(ultoa_invert.o)
 .data          0x0000000000800060        0x0 /usr/lib/gcc/avr/4.8.1/avr25/libgcc.a(_mulqi3.o)
 .data          0x0000000000800060        0x0 /usr/lib/gcc/avr/4.8.1/avr25/libgcc.a(_prologue.o)
 .data          0x0000000000800060        0x0 /usr/lib/gcc/avr/4.8.1/avr25/libgcc.a(_epilogue.o)
 *(.data*)
 *(.rodata)
 *(.rodata*)
 .rodata.str1.1
                0x0000000000800060       0x5a ./main.o
                                         0x61 (size before relaxing)
 *(.gnu.linkonce.d*)
                0x00000000008000ba                . = ALIGN (0x2)
                0x00000000008000ba                _edata = .
                0x00000000008000ba                PROVIDE (__data_end, .)

.bss            0x00000000008000ba       0x3b
                0x00000000008000ba                PROVIDE (__bss_start, .)
 *(.bss)
 .bss           0x00000000008000ba        0x0 /usr/lib/gcc/avr/4.8.1/../../../avr/lib/avr25/crttn85.o
 .bss           0x00000000008000ba        0x0 ./am2302Sensor.o
 .bss           0x00000000008000ba        0x0 ./gpio.o
 .bss           0x00000000008000ba        0x0 ./main.o
 .bss           0x00000000008000ba        0x0 ./softuart.o
 .bss           0x00000000008000ba        0x0 /usr/lib/gcc/avr/4.8.1/avr25/libgcc.a(_divmodhi4.o)
 .bss           0x00000000008000ba        0x0 /usr/lib/gcc/avr/4.8.1/avr25/libgcc.a(_exit.o)
 .bss           0x00000000008000ba        0x0 /usr/lib/gcc/avr/4.8.1/avr25/libgcc.a(_copy_data.o)
 .bss           0x00000000008000ba        0x0 /usr/lib/gcc/avr/4.8.1/avr25/libgcc.a(_clear_bss.o)
 .bss           0x00000000008000ba        0x0 /usr/lib/gcc/avr/4.8.1/avr25/libgcc.a(_ashldi3.o)
 .bss           0x00000000008000ba        0x0 /usr/lib/gcc/avr/4.8.1/avr25/libgcc.a(_ashrdi3.o)
 .bss           0x00000000008000ba        0x0 /usr/lib/gcc/avr/4.8.1/avr25/libgcc.a(_udivmodhi4.o)
 .bss           0x00000000008000ba        0x0 /usr/lib/gcc/avr/4.8.1/../../../avr/lib/avr25/libm.a(addsf3.o)
 .bss           0x00000000008000ba        0x0 /usr/lib/gcc/avr/4.8.1/../../../avr/lib/avr25/libm.a(addsf3x.o)
 .bss           0x00000000008000ba        0x0 /usr/lib/gcc/avr/4.8.1/../../../avr/lib/avr25/libm.a(divsf3.o)
 .bss           0x00000000008000ba        0x0 /usr/lib/gcc/avr/4.8.1/../../../avr/lib/avr25/libm.a(divsf3x.o)
 .bss           0x00000000008000ba        0x0 /usr/lib/gcc/avr/4.8.1/../../../avr/lib/avr25/libm.a(fixsfsi.o)
 .bss           0x00000000008000ba        0x0 /usr/lib/gcc/avr/4.8.1/../../../avr/lib/avr25/libm.a(fixunssfsi.o)
 .bss           0x00000000008000ba        0x0 /usr/lib/gcc/avr/4.8.1/../../../avr/lib/avr25/libm.a(floatsisf.o)
 .bss           0x00000000008000ba        0x0 /usr/lib/gcc/avr/4.8.1/../../../avr/lib/avr25/libm.a(fp_inf.o)
 .bss           0x00000000008000ba        0x0 /usr/lib/gcc/avr/4.8.1/../../../avr/lib/avr25/libm.a(fp_nan.o)
 .bss           0x00000000008000ba        0x0 /usr/lib/gcc/avr/4.8.1/../../../avr/lib/avr25/libm.a(fp_pscA.o)
 .bss           0x00000000008000ba        0x0 /usr/lib/gcc/avr/4.8.1/../../../avr/lib/avr25/libm.a(fp_pscB.o)
 .bss           0x00000000008000ba        0x0 /usr/lib/gcc/avr/4.8.1/../../../avr/lib/avr25/libm.a(fp_round.o)
 .bss           0x00000000008000ba        0x0 /usr/lib/gcc/avr/4.8.1/../../../avr/lib/avr25/libm.a(fp_split3.o)
 .bss           0x00000000008000ba        0x0 /usr/lib/gcc/avr/4.8.1/../../../avr/lib/avr25/libm.a(fp_zero.o)
 .bss           0x00000000008000ba        0x0 /usr/lib/gcc/avr/4.8.1/../../../avr/lib/avr25/libm.a(mulsf3.o)
 .bss           0x00000000008000ba        0x0 /usr/lib/gcc/avr/4.8.1/../../../avr/lib/avr25/libm.a(mulsf3x.o)
 .bss           0x00000000008000ba        0x0 /usr/lib/gcc/avr/4.8.1/../../../avr/lib/avr25/libm.a(pow.o)
 .bss           0x00000000008000ba        0x0 /usr/lib/gcc/avr/4.8.1/../../../avr/lib/avr25/libm.a(exp.o)
 .bss           0x00000000008000ba        0x0 /usr/lib/gcc/avr/4.8.1/../../../avr/lib/avr25/libm.a(fp_powser.o)
 .bss           0x00000000008000ba        0x0 /usr/lib/gcc/avr/4.8.1/../../../avr/lib/avr25/libm.a(inverse.o)
 .bss           0x00000000008000ba        0x0 /usr/lib/gcc/avr/4.8.1/../../../avr/lib/avr25/libm.a(ldexp.o)
 .bss           0x00000000008000ba        0x0 /usr/lib/gcc/avr/4.8.1/../../../avr/lib/avr25/libm.a(log.o)
 .bss           0x00000000008000ba        0x0 /usr/lib/gcc/avr/4.8.1/../../../avr/lib/avr25/libm.a(modf.o)
 .bss           0x00000000008000ba        0x0 /usr/lib/gcc/avr/4.8.1/../../../avr/lib/avr25/libm.a(fp_mpack.o)
 .bss           0x00000000008000ba        0x0 /usr/lib/gcc/avr/4.8.1/../../../avr/lib/avr25/libc.a(snprintf.o)
 .bss           0x00000000008000ba        0x0 /usr/lib/gcc/avr/4.8.1/../../../avr/lib/avr25/libc.a(vfprintf_std.o)
 .bss           0x00000000008000ba        0x0 /usr/lib/gcc/avr/4.8.1/../../../avr/lib/avr25/libc.a(strnlen_P.o)
 .bss           0x00000000008000ba        0x0 /usr/lib/gcc/avr/4.8.1/../../../avr/lib/avr25/libc.a(strnlen.o)
 .bss           0x00000000008000ba        0x0 /usr/lib/gcc/avr/4.8.1/../../../avr/lib/avr25/libc.a(fputc.o)
 .bss           0x00000000008000ba        0x0 /usr/lib/gcc/avr/4.8.1/../../../avr/lib/avr25/libc.a(ultoa_invert.o)
 .bss           0x00000000008000ba        0x0 /usr/lib/gcc/avr/4.8.1/avr25/libgcc.a(_mulqi3.o)
 .bss           0x00000000008000ba        0x0 /usr/lib/gcc/avr/4.8.1/avr25/libgcc.a(_prologue.o)
 .bss           0x00000000008000ba        0x0 /usr/lib/gcc/avr/4.8.1/avr25/libgcc.a(_epilogue.o)
 *(.bss*)
 .bss.sensor_reading
                0x00000000008000ba        0x8 ./am2302Sensor.o
                0x00000000008000ba                sensor_reading
 .bss.data      0x00000000008000c2        0x5 ./am2302Sensor.o
                0x00000000008000c2                data
 .bss.rx_mask.1689
                0x00000000008000c7        0x1 ./softuart.o
 .bss.bits_left_in_rx.1691
                0x00000000008000c8        0x1 ./softuart.o
 .bss.internal_rx_buffer.1692
                0x00000000008000c9        0x1 ./softuart.o
 .bss.timer_rx_ctr.1690
                0x00000000008000ca        0x1 ./softuart.o
 .bss.flag_rx_waiting_for_stop_bit.1688
                0x00000000008000cb        0x1 ./softuart.o
 .bss.internal_tx_buffer
                0x00000000008000cc        0x2 ./softuart.o
 .bss.bits_left_in_tx
                0x00000000008000ce        0x1 ./softuart.o
 .bss.timer_tx_ctr
                0x00000000008000cf        0x1 ./softuart.o
 .bss.flag_tx_ready
                0x00000000008000d0        0x1 ./softuart.o
 .bss.flag_rx_ready
                0x00000000008000d1        0x1 ./softuart.o
 .bss.flag_rx_off
                0x00000000008000d2        0x1 ./softuart.o
 .bss.qout      0x00000000008000d3        0x1 ./softuart.o
 .bss.qin       0x00000000008000d4        0x1 ./softuart.o
 .bss.inbuf     0x00000000008000d5       0x20 ./softuart.o
 *(COMMON)
                0x00000000008000f5                PROVIDE (__bss_end, .)
                0x00000000000015ba                __data_load_start = LOADADDR (.data)
                0x0000000000001614                __data_load_end = (__data_load_start + SIZEOF (.data))

.noinit         0x00000000008000f5        0x0
                0x00000000008000f5                PROVIDE (__noinit_start, .)
 *(.noinit*)
                0x00000000008000f5                PROVIDE (__noinit_end, .)
                0x00000000008000f5                _end = .
                0x00000000008000f5                PROVIDE (__heap_start, .)

.eeprom         0x0000000000810000        0x0
 *(.eeprom*)
                0x0000000000810000                __eeprom_end = .

.fuse
 *(.fuse)
 *(.lfuse)
 *(.hfuse)
 *(.efuse)

.lock
 *(.lock*)

.signature
 *(.signature*)

.user_signatures
 *(.user_signatures*)

.stab
 *(.stab)

.stabstr
 *(.stabstr)

.stab.excl
 *(.stab.excl)

.stab.exclstr
 *(.stab.exclstr)

.stab.index
 *(.stab.index)

.stab.indexstr
 *(.stab.indexstr)

.comment        0x0000000000000000       0x11
 *(.comment)
 .comment       0x0000000000000000       0x11 ./am2302Sensor.o
                                         0x12 (size before relaxing)
 .comment       0x0000000000000000       0x12 ./gpio.o
 .comment       0x0000000000000000       0x12 ./main.o
 .comment       0x0000000000000000       0x12 ./softuart.o
 .comment       0x0000000000000000       0x12 /usr/lib/gcc/avr/4.8.1/../../../avr/lib/avr25/libc.a(snprintf.o)
 .comment       0x0000000000000000       0x12 /usr/lib/gcc/avr/4.8.1/../../../avr/lib/avr25/libc.a(vfprintf_std.o)
 .comment       0x0000000000000000       0x12 /usr/lib/gcc/avr/4.8.1/../../../avr/lib/avr25/libc.a(fputc.o)

.note.gnu.build-id
 *(.note.gnu.build-id)

.debug
 *(.debug)

.line
 *(.line)

.debug_srcinfo
 *(.debug_srcinfo)

.debug_sfnames
 *(.debug_sfnames)

.debug_aranges
 *(.debug_aranges)

.debug_pubnames
 *(.debug_pubnames)

.debug_info
 *(.debug_info .gnu.linkonce.wi.*)

.debug_abbrev
 *(.debug_abbrev)

.debug_line
 *(.debug_line .debug_line.* .debug_line_end)

.debug_frame
 *(.debug_frame)

.debug_str
 *(.debug_str)

.debug_loc
 *(.debug_loc)

.debug_macinfo
 *(.debug_macinfo)

.debug_weaknames
 *(.debug_weaknames)

.debug_funcnames
 *(.debug_funcnames)

.debug_typenames
 *(.debug_typenames)

.debug_varnames
 *(.debug_varnames)

.debug_pubtypes
 *(.debug_pubtypes)

.debug_ranges
 *(.debug_ranges)

.debug_macro
 *(.debug_macro)
OUTPUT(AttinyIOT.elf elf32-avr)
LOAD linker stubs
